  N=8 GS: mu*=50.2824 negpiv(100)=0  [0s]
  N=8 EFF: mu*=58.1224 negpiv(100)=0  [0s]
  N=8 EFFm: mu*=58.1224 negpiv(100)=0  [0s]
  N=8 eig GS: real [50.277 50.227 50.227 50.155 27.078 25.682] cplx [] [0s]
  N=8 eig EFF: real [58.12  54.156 54.156 51.261 51.215 50.867] cplx [] [0s]
  N=8 eig CNS: real [72.273 60.84  39.608 34.59 ] cplx [[40.562  0.064]
 [40.562 -0.064]
 [52.15   8.168]] [1s]
  N=8 eig CNS near 400: [52.878+7.491j 52.878-7.491j 53.77 +8.794j 53.77 -8.794j 60.84 +0.j
 72.273+0.j    72.289+0.229j 72.289-0.229j]
{"N": 8, "nf": 512, "npr": 320, "hG": 0.7653668647301795, "h": 2.6100766272276377, "h_over_hG": 3.4102294566250757, "H_over_e": [0.9053300858899108, 1.5303300858899114], "shift20_hG_over_He": [13.069075870889437, 22.09138999323173], "gamma100": 29.32354003503469, "gamma_eff100_range": [7.232150041802961, 16.254464164145254], "mustar_GS": 50.28240197507633, "gammastar_GS": 14.744580273738581, "negpiv100_GS": 0, "mustar_EFF": 58.122362896637995, "gammastar_EFF": 17.04353435330379, "negpiv100_EFF": 0, "mustar_EFFm": 58.122362896637995, "gammastar_EFFm": 17.04353435330379, "negpiv100_EFFm": 0, "mustar_EFF_r1e5": 58.122362896637995, "mustar_EFF_r1e7": 58.122362896637995, "eigmu_GS_real": [50.27732902392171, 50.2270175764356, 50.2270175764356, 50.15534378002382, 27.078145763373243, 25.682339909892505, 25.682339909885357, 23.379771550071084], "eigmu_GS_cplx": [], "muc_GS": 50.27732902392171, "eigmu_EFF_real": [58.12040254038072, 54.156466388089754, 54.156466388089754, 51.26052170509864, 51.215295435086844, 50.867065583466974, 50.86706558345868, 42.84144717111844], "eigmu_EFF_cplx": [], "muc_EFF": 58.12040254038072, "eigmu_CNS_real": [72.27318132602608, 60.84018346790265, 39.60792990414977, 34.58979110363734], "eigmu_CNS_cplx": [[40.5616874571029, 0.06372362034036398], [40.5616874571029, -0.06372362034036398], [52.150234490764035, 8.168264498310734], [52.150234490764035, -8.168264498310734], [52.83507237313585, 9.63436566326463], [52.83507237313585, -9.63436566326463]], "muc_CNS": 72.27318132602608, "eigmu_CNS_near400": [[52.87791051631251, 7.491433475543624], [52.87791051631251, -7.491433475543624], [53.769842246099245, 8.794489276942805], [53.769842246099245, -8.794489276942805], [60.84018346791396, 0.0], [72.27318132602079, 0.0], [72.28934879591111, 0.2293708366967198], [72.28934879591111, -0.2293708366967198]], "secs": 0.6}
  N=16 GS: mu*=59.2689 negpiv(100)=0  [0s]
  N=16 EFF: mu*=71.4202 negpiv(100)=0  [1s]
  N=16 EFFm: mu*=71.4202 negpiv(100)=0  [1s]
  N=16 eig GS: real [59.266 59.243 59.243 59.218 45.361 44.972] cplx [] [2s]
  N=16 eig EFF: real [71.413 69.227 69.227 61.515 60.738 60.452] cplx [] [2s]
  N=16 eig CNS: real [78.91  75.134 65.577 57.794] cplx [[65.428 -0.115]
 [65.428  0.115]
 [66.502  3.11 ]] [2s]
  N=16 eig CNS near 400: [66.706-2.882j 66.706+2.882j 66.792-3.237j 66.792+3.237j 75.134+0.j
 78.909+0.031j 78.909-0.031j 78.91 +0.j   ]
{"N": 16, "nf": 2048, "npr": 1280, "hG": 0.45950584109472237, "h": 1.5052033521515236, "h_over_hG": 3.275700149024311, "H_over_e": [0.7942627457812106, 1.9530829931410978], "shift20_hG_over_He": [14.687773522228838, 25.180584266644235], "gamma100": 30.527824724673184, "gamma_eff100_range": [5.34724045802895, 15.840051202444347], "mustar_GS": 59.26893840364959, "gammastar_GS": 18.093517632040662, "negpiv100_GS": 0, "mustar_EFF": 71.42015703810357, "gammastar_EFF": 21.803020358678594, "negpiv100_EFF": 0, "mustar_EFFm": 71.42015703810357, "gammastar_EFFm": 21.803020358678594, "negpiv100_EFFm": 0, "mustar_EFF_r1e5": 71.42015703810357, "mustar_EFF_r1e7": 71.42015703810357, "eigmu_GS_real": [59.26612195614471, 59.24254578533907, 59.24254578533141, 59.21790212434692, 45.36094705310622, 44.97193969920978, 44.97193969920978, 44.48626630806935], "eigmu_GS_cplx": [], "muc_GS": 59.26612195614471, "eigmu_EFF_real": [71.4130392092998, 69.22696182002244, 69.22696182000877, 61.51520728641427, 60.73783455395056, 60.45240131665834, 60.45240131665834, 59.57541934173386], "eigmu_EFF_cplx": [], "muc_EFF": 71.4130392092998, "eigmu_CNS_real": [78.90980797529971, 75.13391859745828, 65.57656200458018, 57.794013032128916], "eigmu_CNS_cplx": [[65.4280569098605, -0.11492973315996363], [65.4280569098605, 0.11492973315996363], [66.50216408166384, 3.110342708773453], [66.50216408166384, -3.110342708773453], [66.69357430699385, 2.878062529615629], [66.69357430699385, -2.878062529615629]], "muc_CNS": 78.90980797529971, "eigmu_CNS_near400": [[66.70636667710477, -2.8823502498732583], [66.70636667710477, 2.8823502498732583], [66.79199880125708, -3.2371572940510576], [66.79199880125708, 3.2371572940510576], [75.13391859742353, 0.0], [78.90898683888202, 0.030923570098081485], [78.90898683888202, -0.030923570098081485], [78.90980797527897, 0.0]], "secs": 2.9}
  N=32 GS: mu*=66.0240 negpiv(100)=0  [1s]
  N=32 EFF: mu*=80.7202 negpiv(100)=0  [3s]
  N=32 EFFm: mu*=80.7202 negpiv(100)=0  [4s]
  N=32 eig GS: real [66.02  66.019 66.019 66.019 59.509 59.497] cplx [] [10s]
  N=32 eig EFF: real [80.72  79.599 79.599 73.725 73.445 73.383] cplx [] [12s]
  N=32 eig CNS: real [84.368 82.878 80.752 80.74  80.169 75.219] cplx [[ 7.5219e+01 -1.0000e-03]
 [ 7.5219e+01  1.0000e-03]
 [ 7.5334e+01 -7.0900e-01]] [15s]
  N=32 eig CNS near 400: [80.74 +0.j    80.752+0.j    80.752+0.001j 80.752-0.001j 82.878+0.j
 84.368-0.007j 84.368+0.007j 84.368+0.j   ]
{"N": 32, "nf": 8192, "npr": 5120, "hG": 0.24436652739140893, "h": 0.8126502264966152, "h_over_hG": 3.325538219868263, "H_over_e": [0.7615411524016557, 2.2298543456039797], "shift20_hG_over_He": [15.459172682869335, 26.26253346510092], "gamma100": 30.07032046799371, "gamma_eff100_range": [3.8077870028927907, 14.611147785124375], "mustar_GS": 66.02404809130772, "gammastar_GS": 19.853642846998515, "negpiv100_GS": 0, "mustar_EFF": 80.72023579684, "gammastar_EFF": 24.272833586629964, "negpiv100_EFF": 0, "mustar_EFFm": 80.72023579684, "gammastar_EFFm": 24.272833586629964, "negpiv100_EFFm": 0, "mustar_EFF_r1e5": 80.73158090626887, "mustar_EFF_r1e7": 80.72023579684, "eigmu_GS_real": [66.02003770691404, 66.01932225230539, 66.01932225227318, 66.01853064367494, 59.50904260795781, 59.497003040236905, 59.49700304020392, 59.4848071303827], "eigmu_GS_cplx": [], "muc_GS": 66.02003770691404, "eigmu_EFF_real": [80.71959912722247, 79.59931811037183, 79.59931811037183, 73.7253407014598, 73.44452314972976, 73.38256731135037, 73.38256731132589, 72.70458803504255], "eigmu_EFF_cplx": [], "muc_EFF": 80.71959912722247, "eigmu_CNS_real": [84.3679000446877, 82.87808102056354, 80.75228467743031, 80.7401376186117, 80.16904235249648, 75.21881272957623], "eigmu_CNS_cplx": [[75.21873775591965, -0.0006252349187015836], [75.21873775591965, 0.0006252349187015836], [75.33405142949286, -0.7090075999544574], [75.33405142949286, 0.7090075999544574], [80.16889426089804, 0.008308992801890708], [80.16889426089804, -0.008308992801890708]], "muc_CNS": 84.3679000446877, "eigmu_CNS_near400": [[80.74013761852012, 0.0], [80.75228467721524, 0.0], [80.7523833489721, 0.0012613984322168176], [80.7523833489721, -0.0012613984322168176], [82.87808102061899, 0.0], [84.3678529207956, -0.006693230979680407], [84.3678529207956, 0.006693230979680407], [84.36790004469225, 0.0]], "secs": 24.7}
  N=64 GS: mu*=70.7210 negpiv(100)=0  [9s]
  N=64 EFF: mu*=86.3534 negpiv(100)=0  [17s]
  N=64 EFFm: mu*=86.3534 negpiv(100)=0  [27s]
  N=64 eig GS: real [70.716 70.716 70.716 70.716 67.292 67.292] cplx [] [63s]
  N=64 eig EFF: real [86.349 85.85  85.85  81.683 81.593 81.59 ] cplx [] [87s]
  N=64 eig CNS: real [88.106 87.148 86.352 84.976 83.798 83.797] cplx [[ 8.3798e+01  0.0000e+00]
 [ 8.3798e+01 -0.0000e+00]
 [ 8.6352e+01 -1.0000e-03]] [115s]
  N=64 eig CNS near 400: [87.056-0.704j 87.056+0.704j 87.147+0.002j 87.147-0.002j 87.148+0.j
 88.106+0.j    88.106-0.003j 88.106+0.003j]
{"N": 64, "nf": 32768, "npr": 20480, "hG": 0.12427488311265757, "h": 0.4224244987936625, "h_over_hG": 3.39911403023189, "H_over_e": [0.7529183319514942, 2.379701289821608], "shift20_hG_over_He": [15.692947646541182, 26.56330594071453], "gamma100": 29.419430801848662, "gamma_eff100_range": [2.85612486113413, 13.726483155307479], "mustar_GS": 70.72099134341035, "gammastar_GS": 20.80571311065599, "negpiv100_GS": 0, "mustar_EFF": 86.35337119266077, "gammastar_EFF": 25.40467028308835, "negpiv100_EFF": 0, "mustar_EFFm": 86.35337119266077, "gammastar_EFFm": 25.40467028308835, "negpiv100_EFFm": 0, "eigmu_GS_real": [70.71623420668433, 70.71623420650334, 70.71623411576115, 70.71623046695174, 67.29169518665864, 67.29169021744585, 67.2916902173775, 67.29168367467085], "eigmu_GS_cplx": [], "muc_GS": 70.71623420668433, "eigmu_EFF_real": [86.34939284112792, 85.84976033880397, 85.84976033873583, 81.68262545264596, 81.59263621418393, 81.59028917004525, 81.59028916998432, 81.08282607263098], "eigmu_EFF_cplx": [], "muc_EFF": 86.34939284112792, "eigmu_CNS_real": [88.10585832730213, 87.14752037889633, 86.35241729443304, 84.97596470208623, 83.79840275062473, 83.79655222694838], "eigmu_CNS_cplx": [[83.79838790442913, 0.00012434394339829084], [83.79838790442913, -0.00012434394339829084], [86.3524309823255, -0.0012198843835392833], [86.3524309823255, 0.0012198843835392833], [87.05598336519142, -0.7039615690187345], [87.05598336519142, 0.7039615690187345]], "muc_CNS": 88.10585832730213, "eigmu_CNS_near400": [[87.05598336518676, -0.7039615687292107], [87.05598336518676, 0.7039615687292107], [87.14749142696706, 0.0017207428075957387], [87.14749142696706, -0.0017207428075957387], [87.14752038123441, 0.0], [88.1058583278105, 0.0], [88.10587585253228, -0.002896163095058685], [88.10587585253228, 0.002896163095058685]], "secs": 201.9}
  N=128 GS: mu*=73.0443 negpiv(100)=0  [78s]
  N=128 EFF: mu*=89.5167 negpiv(100)=0  [150s]
  N=128 EFFm: mu*=89.5167 negpiv(100)=0  [241s]
  N=128 eig GS: real [73.041 73.041 73.041 73.041 71.273 71.273] cplx [] [449s]
  N=128 eig EFF: real [89.513 89.301 89.301 86.454 86.429 86.429] cplx [] [609s]
