xargs: warning: options --max-lines and --replace/-I/-i are mutually exclusive, ignoring previous --max-lines value
05:41:01 rc=0 2s thresh 5 std 16
05:41:02 rc=0 1s thresh 2 ct 16
05:41:04 rc=0 2s thresh 2 ct 32
05:41:04 rc=0 5s thresh 5 std 32
05:41:07 rc=0 3s thresh 6 std 16
05:41:09 rc=0 2s thresh 3 ct 16
05:41:12 rc=0 3s thresh 3 ct 32
05:41:13 rc=0 9s thresh 6 std 32
05:41:15 rc=0 3s thresh 4 ct 16
05:41:18 rc=0 5s thresh 4 ct 32
05:42:26 rc=0 2s study 5 std 16 B1 100
05:42:26 rc=0 2s study 5 std 16 B1 1000
05:42:27 rc=0 1s study 5 std 16 P1 1000
05:42:27 rc=0 1s study 5 std 16 P1 100
05:42:28 rc=0 1s study 6 std 16 B1 100
05:42:28 rc=0 1s study 6 std 16 B1 1000
05:42:29 rc=0 1s study 6 std 16 P1 100
05:42:30 rc=0 2s study 6 std 16 P1 1000
05:42:31 rc=0 2s study 2 ct 16 B1 100
05:42:31 rc=0 1s study 2 ct 16 P1 100
05:42:31 rc=0 0s study 2 ct 16 P1 1000
05:42:32 rc=0 1s study 3 ct 16 B1 100
05:42:33 rc=0 2s study 3 ct 16 B1 1000
05:42:33 rc=0 1s study 3 ct 16 P1 100
05:42:34 rc=0 1s study 3 ct 16 P1 1000
05:42:35 rc=0 2s study 5 std 24 B1 100
05:42:35 rc=0 1s study 5 std 24 B1 1000
05:42:36 rc=0 1s study 5 std 24 P1 100
05:42:38 rc=0 3s study 5 std 24 P1 1000
05:42:42 rc=0 6s study 6 std 24 B1 100
05:42:43 rc=0 5s study 6 std 24 B1 1000
05:42:47 rc=0 5s study 6 std 24 P1 100
05:42:49 rc=0 6s study 6 std 24 P1 1000
05:42:50 rc=0 3s study 2 ct 24 B1 100
05:42:51 rc=0 2s study 2 ct 24 P1 100
05:42:52 rc=0 2s study 2 ct 24 P1 1000
05:42:54 rc=0 3s study 3 ct 24 B1 100
05:42:55 rc=0 3s study 3 ct 24 B1 1000
05:42:57 rc=0 3s study 3 ct 24 P1 100
05:42:58 rc=0 3s study 3 ct 24 P1 1000
05:43:02 rc=0 5s study 5 std 32 B1 100
05:43:03 rc=0 5s study 5 std 32 B1 1000
05:43:07 rc=0 5s study 5 std 32 P1 100
05:43:08 rc=0 5s study 5 std 32 P1 1000
05:43:16 rc=0 9s study 6 std 32 B1 100
05:43:16 rc=0 8s study 6 std 32 B1 1000
05:43:26 rc=0 10s study 6 std 32 P1 100
05:43:27 rc=0 11s study 6 std 32 P1 1000
05:43:29 rc=0 3s study 2 ct 32 B1 100
05:43:30 rc=0 3s study 2 ct 32 P1 100
05:43:32 rc=0 3s study 2 ct 32 P1 1000
05:43:34 rc=0 4s study 3 ct 32 B1 100
05:43:37 rc=0 5s study 3 ct 32 B1 1000
05:43:39 rc=0 5s study 3 ct 32 P1 100
05:43:43 rc=0 7s study 3 ct 32 P1 1000
05:43:52 rc=0 12s study 5 std 48 B1 100
05:43:55 rc=0 11s study 5 std 48 B1 1000
05:44:03 rc=0 11s study 5 std 48 P1 100
05:44:07 rc=0 12s study 5 std 48 P1 1000
05:44:25 rc=0 22s study 6 std 48 B1 100
05:44:28 rc=0 21s study 6 std 48 B1 1000
05:44:47 rc=0 22s study 6 std 48 P1 100
05:44:50 rc=0 22s study 6 std 48 P1 1000
05:44:51 rc=0 4s study 2 ct 48 B1 100
05:44:55 rc=0 5s study 2 ct 48 P1 100
05:44:55 rc=0 4s study 2 ct 48 P1 1000
05:45:02 rc=0 7s study 3 ct 48 B1 100
05:45:02 rc=0 7s study 3 ct 48 B1 1000
05:45:09 rc=0 7s study 3 ct 48 P1 100
05:45:09 rc=0 7s study 3 ct 48 P1 1000
05:45:21 rc=0 12s study 5 std 64 B1 100
05:45:22 rc=0 13s study 5 std 64 B1 1000
05:45:43 rc=0 22s study 5 std 64 P1 100
05:45:44 rc=0 22s study 5 std 64 P1 1000
05:46:23 rc=0 40s study 6 std 64 B1 100
05:46:24 rc=0 40s study 6 std 64 B1 1000
05:47:11 rc=0 48s study 6 std 64 P1 100
05:47:17 rc=0 53s study 6 std 64 P1 1000
05:47:22 rc=0 11s study 2 ct 64 B1 100
05:47:28 rc=0 11s study 2 ct 64 P1 100
05:47:33 rc=0 11s study 2 ct 64 P1 1000
05:47:44 rc=0 16s study 3 ct 64 B1 100
05:47:51 rc=0 18s study 3 ct 64 B1 1000
05:48:04 rc=0 20s study 3 ct 64 P1 100
05:48:09 rc=0 18s study 3 ct 64 P1 1000
05:49:53 rc=0 60s thresh 5 std 64
05:50:09 rc=0 16s thresh 2 ct 64
05:50:48 rc=0 115s thresh 6 std 64
05:50:49 rc=0 40s thresh 3 ct 64
05:50:53 rc=0 4s thresh 5 std 8
05:50:56 rc=0 3s thresh 2 ct 8
05:51:01 rc=0 5s study 5 std 16 B1 300
05:51:08 rc=0 7s study 6 std 16 B1 300
05:51:17 rc=0 9s study 5 std 24 B1 300
05:51:31 rc=0 14s study 6 std 24 B1 300
05:51:46 rc=0 58s thresh 2 ct 128
05:51:46 rc=0 15s study 5 std 32 B1 300
05:52:09 rc=0 23s study 6 std 32 B1 300
05:52:17 rc=0 31s study 5 std 48 B1 300
05:53:03 rc=0 54s study 6 std 48 B1 300
05:53:06 rc=0 49s study 5 std 64 B1 300
05:55:48 rc=0 153s study 6 std 64 B1 300
05:56:08 rc=0 45s study 5 std 96 B1 300
05:56:38 rc=0 30s study 5 std 96 B1 1000
05:56:58 rc=0 70s study 6 std 96 B1 300
05:57:18 rc=0 40s study 5 std 96 P1 1000
05:57:43 rc=-9 45s study 6 std 96 B1 1000
05:58:03 rc=0 20s study 2 ct 96 B1 100
05:58:23 rc=0 60s study 6 std 96 P1 1000
05:58:23 rc=0 20s study 2 ct 96 P1 100
05:58:43 rc=0 20s study 2 ct 96 P1 1000
05:59:03 rc=0 20s study 3 ct 96 B1 1000
05:59:23 rc=0 20s study 3 ct 96 P1 1000
06:00:03 rc=0 40s study 5 std 96 B1 100
06:00:23 rc=0 40s study 5 std 96 P1 100
06:00:48 rc=-9 45s study 6 std 96 B1 100
06:01:08 rc=0 20s study 3 ct 96 B1 100
06:01:28 rc=0 60s study 6 std 96 P1 100
06:01:28 rc=0 20s study 3 ct 96 P1 100
06:02:13 rc=-9 45s study 5 std 128 B1 1000
06:02:38 rc=-9 45s study 5 std 128 P1 1000
06:03:08 rc=0 50s study 5 std 128 B1 300
06:04:24 rc=0 20s study 2 ct 128 B1 100
06:04:44 rc=0 20s study 2 ct 128 P1 100
06:05:04 rc=0 20s study 2 ct 128 P1 1000
06:05:44 rc=0 40s study 3 ct 128 B1 1000
06:05:59 rc=0 35s study 3 ct 128 P1 1000
06:06:49 rc=0 50s study 6 std 96 B1 100
06:07:39 rc=0 50s study 5 std 128 B1 1000
06:08:44 rc=0 65s study 5 std 128 P1 1000
06:09:04 rc=0 60s study 2 ct 192 B1 100
06:09:19 rc=0 35s study 2 ct 192 P1 100
06:10:40 rc=-9 50s study 6 std 96 B1 1000
06:11:25 rc=0 70s study 2 ct 256 B1 100
06:11:50 rc=0 60s study 2 ct 256 P1 100
06:12:52 rc=0 20s study 2 ct 16 A 100
06:13:12 rc=0 20s study 2 ct 24 A 100
06:13:32 rc=0 20s study 2 ct 32 A 100
06:13:52 rc=0 20s study 2 ct 48 A 100
06:14:12 rc=0 20s study 2 ct 64 A 100
06:14:32 rc=0 20s study 2 ct 96 A 100
06:14:52 rc=0 20s study 2 ct 128 A 100
06:15:32 rc=0 40s study 2 ct 192 A 100
06:15:32 rc=0 20s study 3 ct 16 A 1000
06:15:52 rc=0 20s study 3 ct 24 A 1000
06:16:12 rc=0 20s study 3 ct 32 A 1000
06:16:32 rc=0 20s study 3 ct 48 A 1000
06:16:52 rc=0 20s study 3 ct 64 A 1000
06:17:32 rc=0 40s study 3 ct 96 A 1000
06:17:52 rc=0 40s study 3 ct 128 A 1000
06:18:47 rc=0 50s study 6 std 96 B1 1000
06:19:52 rc=0 65s study 2 ct 256 A 100
