== geometry / trace quantities (norms in L2(Gamma_h); H^{+-1/2} by Fourier in arclength)
   N       hG  |zeta|/hG  |t*-g|/hG  |PiTz|_1/2  /hG^.5     cert  /hG^.5
  16  0.45951    0.48758    0.22428     0.69674  1.0278  0.57148  0.8431
  24  0.32036    0.44979    0.22568     0.55924  0.9880  0.48924  0.8644
  32  0.24437    0.43631    0.22692     0.47960  0.9702  0.43371  0.8774
  48  0.16496    0.42660    0.22813     0.38804  0.9554  0.36233  0.8921
  64  0.12427    0.42318    0.22864     0.33479  0.9497  0.31735  0.9002
  96  0.08312    0.42073    0.22903     0.27256  0.9454  0.26202  0.9088
 128  0.06241    0.41988    0.22918     0.23579  0.9438  0.22817  0.9134
 192  0.04164    0.41926    0.22928     0.19237  0.9427  0.18733  0.9180
 256  0.03124    0.41905    0.22932     0.16655  0.9423  0.16267  0.9204

== discrete Dirichlet fields: d = |grad(. - U~)| / |grad U|;  ext = |grad X^saw| / |Pi_T zeta|_{H^1/2}
   N    d(X^D)  /hG^.5     d(X^U)     ext
  16   0.71694  1.0576  9.489e-03  4.6936
  24   0.49699  0.8781  2.389e-03  4.0590
  32   0.38462  0.7781  8.308e-04  3.6642
  48   0.27713  0.6823  2.128e-04  3.2638
  64   0.22577  0.6404  1.040e-04  3.0819
  96   0.17452  0.6053  4.723e-05  2.9264

== GS: d_h, distance to X^D, capture phi = <X-U~, q_h>/<g-U~, q_h>, |X - t*|_{L2(Gamma_h)}
-- mu = 1e+02
   N     gamma    gam*hG       d_h  /hG^.5   d(X,X^D)      phi     |X-t*|
  16      30.5        14   0.19259  0.2841  6.483e-01  0.44673  1.905e-01
  24      30.3      9.72   0.14748  0.2606  4.383e-01  0.42852  1.357e-01
  32      30.1      7.35   0.12391  0.2507  3.327e-01  0.42480  1.050e-01
  48      29.7      4.89   0.09811  0.2415  2.337e-01  0.42527  7.210e-02
  64      29.4      3.66   0.08363  0.2372  1.876e-01  0.42721  5.487e-02
  96      29.1      2.42   0.06719  0.2331  1.430e-01  0.43035  3.712e-02
-- mu = 1e+03
   N     gamma    gam*hG       d_h  /hG^.5   d(X,X^D)      phi     |X-t*|
  16       305       140   0.31848  0.4698  5.030e-01  0.83527  5.067e-02
  24       303      97.2   0.25898  0.4576  3.159e-01  0.84325  3.096e-02
  32       301      73.5   0.22234  0.4498  2.225e-01  0.84938  2.182e-02
  48       297      48.9   0.17912  0.4410  1.371e-01  0.85635  1.363e-02
  64       294      36.6   0.15382  0.4363  1.000e-01  0.86007  9.921e-03
  96       291      24.2   0.12439  0.4315  6.818e-02  0.86393  6.448e-03
-- mu = 1e+04
   N     gamma    gam*hG       d_h  /hG^.5   d(X,X^D)      phi     |X-t*|
  16  3.05e+03   1.4e+03   0.53916  0.7954  2.458e-01  0.97209  1.591e-02
  24  3.03e+03       972   0.39848  0.7040  1.533e-01  0.97618  8.420e-03
  32  3.01e+03       735   0.32280  0.6530  1.055e-01  0.97827  5.266e-03
  48  2.97e+03       489   0.24552  0.6045  6.116e-02  0.98018  2.756e-03
  64  2.94e+03       366   0.20552  0.5830  4.157e-02  0.98104  1.797e-03
  96  2.91e+03       242   0.16269  0.5643  2.453e-02  0.98183  1.043e-03
-- mu = 1e+08
   N     gamma    gam*hG       d_h  /hG^.5   d(X,X^D)      phi     |X-t*|
  16  3.05e+07   1.4e+07   0.71702  1.0578  1.250e-02  1.00000  2.892e-06
  24  3.03e+07  9.72e+06   0.49703  0.8781  8.110e-03  1.00000  1.542e-06
  32  3.01e+07  7.35e+06   0.38465  0.7781  5.630e-03  1.00000  9.472e-07
  48  2.97e+07  4.89e+06   0.27714  0.6824  3.171e-03  1.00000  4.702e-07
  64  2.94e+07  3.66e+06   0.22577  0.6404  2.061e-03  1.00000  2.893e-07
  96  2.91e+07  2.42e+06   0.17452  0.6054  1.109e-03  1.00000  1.515e-07

== fits d = a hG^{1/2} (1 + c1 hG + c2 hG^2)  (N >= 24)
X^D (= GS, mu=inf)   nb=2: a=0.4925 c1=+2.418  max rel resid 2.3e-02
X^D (= GS, mu=inf)   nb=3: a=0.5365 c1=+1.320 c2=+2.090  max rel resid 4.3e-03
X^D (= GS, mu=inf)   local rates: 0.947 0.834 0.724 0.640
GS mu=1e8            nb=2: a=0.4925 c1=+2.419  max rel resid 2.3e-02
GS mu=1e8            nb=3: a=0.5364 c1=+1.321 c2=+2.090  max rel resid 4.3e-03
GS mu=1e8            local rates: 0.947 0.834 0.724 0.640
GS mu=1e2            nb=2: a=0.2224 c1=+0.530  max rel resid 4.3e-03
GS mu=1e2            nb=3: a=0.2258 c1=+0.359 c2=+0.380  max rel resid 3.8e-04
GS mu=1e2            local rates: 0.643 0.594 0.564 0.544

== fits d = a hG^{1/2} (1 + c1 hG + c2 hG^2)  (N >= 32)
X^D (= GS, mu=inf)   nb=2: a=0.5052 c1=+2.192  max rel resid 1.3e-02
X^D (= GS, mu=inf)   nb=3: a=0.5498 c1=+0.957 c2=+3.037  max rel resid 1.1e-03
X^D (= GS, mu=inf)   local rates: 0.834 0.724 0.640
GS mu=1e8            nb=2: a=0.5052 c1=+2.193  max rel resid 1.3e-02
GS mu=1e8            nb=3: a=0.5497 c1=+0.958 c2=+3.038  max rel resid 1.1e-03
GS mu=1e8            local rates: 0.834 0.724 0.640
GS mu=1e2            nb=2: a=0.2236 c1=+0.495  max rel resid 1.5e-03
GS mu=1e2            nb=3: a=0.2254 c1=+0.386 c2=+0.300  max rel resid 4.0e-05
GS mu=1e2            local rates: 0.594 0.564 0.544
