{"N": 24, "h": 1.05591, "hG": 0.320364, "Lam": 6.26325, "zeta": 0.144097, "tstar_minus_g": 0.0723007, "PiTzeta": 0.124643, "PiTU_minus_U": 3.43475e-05, "zeta_q": 0.00184283, "q_L2": 0.01621, "q_Hm12": 0.00376674, "PiTzeta_H12": 0.559241, "zeta_q_on_PiTzeta": 0.00184283, "cert_H12": 0.489238}
{"N": 24, "field": "XD", "d": 0.496986, "divres": 1.49214e-13, "flux": -2.81193e-16, "secs": 3.45777}
{"N": 24, "field": "XU", "d": 0.00238938, "divres": 1.34294e-13, "flux": 5.68408e-16, "secs": 3.689}
{"N": 24, "field": "XD-XU", "d": 0.496684}
{"N": 24, "field": "GS", "mu": 100.0, "gamma": 30.3401, "gammahG": 9.71988, "d": 0.147481, "d_XD": 0.438337, "X_minus_tstar": 0.135675, "X_minus_g": 0.153737, "phi": 0.428525, "W_H12": 0.329356, "W_L2": 0.148635, "relres": 1.4061e-15, "divres": 1.31659e-15, "secs": 4.34957}
{"N": 24, "field": "GS", "mu": 1000.0, "gamma": 303.401, "gammahG": 97.1988, "d": 0.258983, "d_XD": 0.315929, "X_minus_tstar": 0.0309556, "X_minus_g": 0.0786489, "phi": 0.843248, "W_H12": 0.464788, "W_L2": 0.111426, "relres": 1.36261e-15, "divres": 1.50122e-16, "secs": 4.3095}
{"N": 24, "field": "GS", "mu": 10000.0, "gamma": 3034.01, "gammahG": 971.988, "d": 0.398477, "d_XD": 0.153308, "X_minus_tstar": 0.00841977, "X_minus_g": 0.0727893, "phi": 0.97618, "W_H12": 0.536557, "W_L2": 0.121715, "relres": 1.39582e-15, "divres": 1.52667e-17, "secs": 3.10268}
{"N": 24, "field": "GS", "mu": 100000000.0, "gamma": 30340100.0, "gammahG": 9719880.0, "d": 0.49703, "d_XD": 0.00810988, "X_minus_tstar": 1.54226e-06, "X_minus_g": 0.0723007, "phi": 0.999997, "W_H12": 0.559239, "W_L2": 0.124643, "relres": 1.27112e-15, "divres": 1.42835e-21, "secs": 3.97076}
# N=24 total 43.8s
{"N": 32, "h": 0.81265, "hG": 0.244367, "Lam": 6.27191, "zeta": 0.10662, "tstar_minus_g": 0.0554509, "PiTzeta": 0.0910651, "PiTU_minus_U": 8.61253e-06, "zeta_q": 0.00106216, "q_L2": 0.0123112, "q_Hm12": 0.00244902, "PiTzeta_H12": 0.479604, "zeta_q_on_PiTzeta": 0.00106216, "cert_H12": 0.433706}
{"N": 32, "field": "XD", "d": 0.384618, "divres": 2.06841e-13, "flux": 6.34188e-16, "secs": 8.19727}
{"N": 32, "field": "XU", "d": 0.000830772, "divres": 2.15532e-13, "flux": 4.63735e-16, "secs": 7.52195}
{"N": 32, "field": "XD-XU", "d": 0.384525}
{"N": 32, "field": "GS", "mu": 100.0, "gamma": 30.0703, "gammahG": 7.34818, "d": 0.12391, "d_XD": 0.33274, "X_minus_tstar": 0.104957, "X_minus_g": 0.118704, "phi": 0.4248, "W_H12": 0.286581, "W_L2": 0.110297, "relres": 1.74672e-15, "divres": 1.49792e-15, "secs": 6.73222}
{"N": 32, "field": "GS", "mu": 1000.0, "gamma": 300.703, "gammahG": 73.4818, "d": 0.222335, "d_XD": 0.222478, "X_minus_tstar": 0.0218201, "X_minus_g": 0.0595896, "phi": 0.849384, "W_H12": 0.402542, "W_L2": 0.0809761, "relres": 1.69728e-15, "divres": 1.52502e-16, "secs": 7.1541}
{"N": 32, "field": "GS", "mu": 10000.0, "gamma": 3007.03, "gammahG": 734.818, "d": 0.322804, "d_XD": 0.105466, "X_minus_tstar": 0.00526601, "X_minus_g": 0.0557004, "phi": 0.978266, "W_H12": 0.463332, "W_L2": 0.0890905, "relres": 1.61858e-15, "divres": 1.55886e-17, "secs": 7.15324}
{"N": 32, "field": "GS", "mu": 100000000.0, "gamma": 30070300.0, "gammahG": 7348180.0, "d": 0.384645, "d_XD": 0.00563038, "X_minus_tstar": 9.47185e-07, "X_minus_g": 0.0554509, "phi": 0.999998, "W_H12": 0.479602, "W_L2": 0.0910648, "relres": 1.7147e-15, "divres": 1.49611e-21, "secs": 7.74825}
# N=32 total 77.3s
{"N": 48, "h": 0.555985, "hG": 0.164961, "Lam": 6.27816, "zeta": 0.0703721, "tstar_minus_g": 0.0376324, "PiTzeta": 0.0594644, "PiTU_minus_U": 1.18939e-06, "zeta_q": 0.000480379, "q_L2": 0.00828191, "q_Hm12": 0.00132581, "PiTzeta_H12": 0.388041, "zeta_q_on_PiTzeta": 0.000480379, "cert_H12": 0.362328}
{"N": 48, "field": "XD", "d": 0.277133, "divres": 2.98903e-13, "flux": -6.1425e-16, "secs": 23.862}
{"N": 48, "field": "XU", "d": 0.000212756, "divres": 3.00507e-13, "flux": 2.60958e-16, "secs": 20.9815}
{"N": 48, "field": "XD-XU", "d": 0.277116}
{"N": 48, "field": "GS", "mu": 100.0, "gamma": 29.67, "gammahG": 4.8944, "d": 0.0981052, "d_XD": 0.233706, "X_minus_tstar": 0.0720958, "X_minus_g": 0.0813265, "phi": 0.425274, "W_H12": 0.237144, "W_L2": 0.0731356, "relres": 2.91956e-15, "divres": 1.54935e-15, "secs": 24.5576}
{"N": 48, "field": "GS", "mu": 1000.0, "gamma": 296.7, "gammahG": 48.944, "d": 0.179118, "d_XD": 0.137085, "X_minus_tstar": 0.0136296, "X_minus_g": 0.0400246, "phi": 0.85635, "W_H12": 0.329825, "W_L2": 0.0527407, "relres": 2.64293e-15, "divres": 1.62471e-16, "secs": 28.3613}
{"N": 48, "field": "GS", "mu": 10000.0, "gamma": 2967.0, "gammahG": 489.44, "d": 0.245517, "d_XD": 0.0611564, "X_minus_tstar": 0.0027565, "X_minus_g": 0.0377332, "phi": 0.980176, "W_H12": 0.37748, "W_L2": 0.058303, "relres": 2.89992e-15, "divres": 1.63342e-17, "secs": 37.05}
{"N": 48, "field": "GS", "mu": 100000000.0, "gamma": 29670000.0, "gammahG": 4894400.0, "d": 0.277144, "d_XD": 0.00317063, "X_minus_tstar": 4.70162e-07, "X_minus_g": 0.0376324, "phi": 0.999998, "W_H12": 0.38804, "W_L2": 0.0594643, "relres": 2.94381e-15, "divres": 1.62521e-21, "secs": 37.5861}
# N=48 total 200.3s
{"N": 64, "h": 0.422424, "hG": 0.124275, "Lam": 6.28035, "zeta": 0.0525908, "tstar_minus_g": 0.0284138, "PiTzeta": 0.0442543, "PiTU_minus_U": 2.87898e-07, "zeta_q": 0.000271871, "q_L2": 0.00623115, "q_Hm12": 0.000856702, "PiTzeta_H12": 0.334787, "zeta_q_on_PiTzeta": 0.000271871, "cert_H12": 0.317346}
{"N": 64, "field": "XD", "d": 0.225766, "divres": 4.24381e-13, "flux": 1.31779e-15, "secs": 61.6421}
{"N": 64, "field": "XU", "d": 0.000104035, "divres": 3.984e-13, "flux": 5.47596e-16, "secs": 60.2623}
{"N": 64, "field": "XD-XU", "d": 0.225761}
{"N": 64, "field": "GS", "mu": 100.0, "gamma": 29.4194, "gammahG": 3.6561, "d": 0.0836273, "d_XD": 0.187645, "X_minus_tstar": 0.054871, "X_minus_g": 0.0617914, "phi": 0.427207, "W_H12": 0.207399, "W_L2": 0.0548247, "relres": 3.83437e-15, "divres": 1.64099e-15, "secs": 98.1838}
{"N": 64, "field": "GS", "mu": 1000.0, "gamma": 294.194, "gammahG": 36.561, "d": 0.153816, "d_XD": 0.100045, "X_minus_tstar": 0.00992137, "X_minus_g": 0.0300962, "phi": 0.86007, "W_H12": 0.28647, "W_L2": 0.0392393, "relres": 3.64643e-15, "divres": 1.73186e-16, "secs": 95.0289}
{"N": 64, "field": "GS", "mu": 10000.0, "gamma": 2941.94, "gammahG": 365.61, "d": 0.205518, "d_XD": 0.0415745, "X_minus_tstar": 0.00179685, "X_minus_g": 0.0284706, "phi": 0.981037, "W_H12": 0.326664, "W_L2": 0.0434353, "relres": 3.82058e-15, "divres": 1.71118e-17, "secs": 78.4931}
{"N": 64, "field": "GS", "mu": 100000000.0, "gamma": 29419400.0, "gammahG": 3656100.0, "d": 0.225771, "d_XD": 0.00206094, "X_minus_tstar": 2.89295e-07, "X_minus_g": 0.0284138, "phi": 0.999998, "W_H12": 0.334786, "W_L2": 0.0442542, "relres": 3.63941e-15, "divres": 1.71569e-21, "secs": 100.877}
# N=64 total 544.3s
