trial 5 curved m=4 I=[1, 3] face 1: per-face formula holds mod R D_i: True
trial 5 curved m=4 I=[1, 3] face 3: per-face formula holds mod R D_i: True
trial 6 Gamma-flat m=5 I=[0] face 0: per-face formula holds mod R D_i: True flat u-forms ok: True
trial 7 curved m=5 I=[0, 2] face 0: per-face formula holds mod R D_i: True
trial 7 curved m=5 I=[0, 2] face 2: per-face formula holds mod R D_i: True
trial 8 Gamma-flat m=3 I=[0, 1] face 0: per-face formula holds mod R D_i: True flat u-forms ok: True
trial 8 Gamma-flat m=3 I=[0, 1] face 1: per-face formula holds mod R D_i: True flat u-forms ok: True
trial 9 curved m=6 I=[0, 1, 2, 3, 4, 5] face 0: per-face formula holds mod R D_i: True
trial 9 curved m=6 I=[0, 1, 2, 3, 4, 5] face 1: per-face formula holds mod R D_i: True
trial 9 curved m=6 I=[0, 1, 2, 3, 4, 5] face 2: per-face formula holds mod R D_i: True
trial 9 curved m=6 I=[0, 1, 2, 3, 4, 5] face 3: per-face formula holds mod R D_i: True
trial 9 curved m=6 I=[0, 1, 2, 3, 4, 5] face 4: per-face formula holds mod R D_i: True
trial 9 curved m=6 I=[0, 1, 2, 3, 4, 5] face 5: per-face formula holds mod R D_i: True
TOTAL 13/13 faces agree
trial 3 curved m=4 I=[0, 1, 2, 3] face 0: per-face formula holds mod R D_i: True
trial 3 curved m=4 I=[0, 1, 2, 3] face 1: per-face formula holds mod R D_i: True
trial 3 curved m=4 I=[0, 1, 2, 3] face 2: per-face formula holds mod R D_i: True
trial 3 curved m=4 I=[0, 1, 2, 3] face 3: per-face formula holds mod R D_i: True
trial 5 curved m=5 I=[0, 1, 2] face 0: per-face formula holds mod R D_i: True
trial 5 curved m=5 I=[0, 1, 2] face 1: per-face formula holds mod R D_i: True
trial 5 curved m=5 I=[0, 1, 2] face 2: per-face formula holds mod R D_i: True
trial 6 Gamma-flat m=5 I=[0, 1, 2, 3, 4] face 0: per-face formula holds mod R D_i: True flat u-forms ok: True
trial 6 Gamma-flat m=5 I=[0, 1, 2, 3, 4] face 1: per-face formula holds mod R D_i: True flat u-forms ok: True
trial 6 Gamma-flat m=5 I=[0, 1, 2, 3, 4] face 2: per-face formula holds mod R D_i: True flat u-forms ok: True
trial 6 Gamma-flat m=5 I=[0, 1, 2, 3, 4] face 3: per-face formula holds mod R D_i: True flat u-forms ok: True
trial 6 Gamma-flat m=5 I=[0, 1, 2, 3, 4] face 4: per-face formula holds mod R D_i: True flat u-forms ok: True
trial 7 curved m=5 I=[0, 1, 2, 3] face 0: per-face formula holds mod R D_i: True
trial 7 curved m=5 I=[0, 1, 2, 3] face 1: per-face formula holds mod R D_i: True
trial 7 curved m=5 I=[0, 1, 2, 3] face 2: per-face formula holds mod R D_i: True
trial 7 curved m=5 I=[0, 1, 2, 3] face 3: per-face formula holds mod R D_i: True
TOTAL 16/16 faces agree
