{"test": "J", "J": 6, "A": 0.18241876355384373, "lamV_A": 2.7755575615628914e-17, "Ac": -1.9999999999998694, "lamV_A_c": 1.0000000000000089, "relres": 1.6128257212354224e-15}
{"test": "J", "J": 10, "A": 0.18241876371613164, "lamV_A": 4.163336342344337e-16, "Ac": -1.9999999999999156, "lamV_A_c": 1.0000000000000058, "relres": 1.8412011228951963e-15}
{"test": "J", "J": 14, "A": 0.18241876371607463, "lamV_A": 3.3861802251067274e-15, "Ac": -1.9999999999998606, "lamV_A_c": 1.0000000000000107, "relres": 2.151740805888053e-15}
{"test": "J", "J": 20, "A": 0.18241876371611676, "lamV_A": 9.547918011776346e-15, "Ac": -1.9999999999998745, "lamV_A_c": 1.000000000000014, "relres": 2.4798947143280866e-15}
{"test": "delta", "a": 1.0, "delta": -1.0, "apex_offset": -0.5, "lam": 30.0, "A": 0.18241876371609558, "Ac": -1.9999999999998666, "PL2": 0.2356505059704904, "Pw_odd": 0.8313543950173041, "Pw_even_mean0": 0.06918315266109684, "trac": 0.6016677576233305, "lamV_A": -1.0547118733938987e-15, "Utop": [-0.08333333274279653, 0.00608062519033352]}
{"test": "delta", "a": 1.0, "delta": -0.875, "apex_offset": -0.375, "lam": 30.0, "A": 0.16372001894585592, "Ac": -2.0000000000000653, "PL2": 0.21833706370262299, "Pw_odd": 0.7802001599936549, "Pw_even_mean0": 0.008497797227579753, "trac": 0.5343906861074397, "lamV_A": -2.6645352591003757e-15, "Utop": [-0.08333333309086349, 0.005457333846052738]}
{"test": "delta", "a": 1.0, "delta": -0.75, "apex_offset": -0.25, "lam": 30.0, "A": 0.120750575974025, "Ac": -1.9999999999999716, "PL2": 0.20279911179488913, "Pw_odd": 0.7310042972903135, "Pw_even_mean0": 0.014358429157187793, "trac": 0.46362087516444644, "lamV_A": -4.773959005888173e-15, "Utop": [-0.08333333323247251, 0.00402501915406342]}
{"test": "delta", "a": 1.0, "delta": -0.625, "apex_offset": -0.125, "lam": 30.0, "A": 0.06347392787171026, "Ac": -1.999999999999922, "PL2": 0.1919742236644922, "Pw_odd": 0.6974002868370857, "Pw_even_mean0": 0.012886792297655963, "trac": 0.4085011847937606, "lamV_A": -5.009881398621019e-15, "Utop": [-0.08333333328430617, 0.0021157975816878246]}
{"test": "delta", "a": 1.0, "delta": -0.5, "apex_offset": 0.0, "lam": 30.0, "A": 1.3957497057478176e-13, "Ac": -1.9999999999998506, "PL2": 0.18809306199691303, "Pw_odd": 0.6856336978763262, "Pw_even_mean0": 5.786837088231712e-14, "trac": 0.38736792076024307, "lamV_A": 1.8321420186981076e-15, "Utop": [-0.08333333329725709, 3.355812044263477e-15]}
{"test": "delta", "a": 1.0, "delta": -0.375, "apex_offset": 0.125, "lam": 30.0, "A": -0.0634739278716263, "Ac": -1.999999999999969, "PL2": 0.19197422366450315, "Pw_odd": 0.6974002868371426, "Pw_even_mean0": 0.012886792297664564, "trac": 0.4085011847937876, "lamV_A": -6.938893903907228e-16, "Utop": [-0.08333333328427242, -0.0021157975816867712]}
{"test": "delta", "a": 1.0, "delta": -0.25, "apex_offset": 0.25, "lam": 30.0, "A": -0.12075057597392876, "Ac": -1.99999999999995, "PL2": 0.20279911179487453, "Pw_odd": 0.731004297290286, "Pw_even_mean0": 0.01435842915720351, "trac": 0.4636208751643868, "lamV_A": -1.2490009027033011e-15, "Utop": [-0.08333333323248654, -0.004025019154062687]}
{"test": "delta", "a": 1.0, "delta": -0.125, "apex_offset": 0.375, "lam": 30.0, "A": -0.1637200189457946, "Ac": -1.9999999999999747, "PL2": 0.21833706370261252, "Pw_odd": 0.78020015999366, "Pw_even_mean0": 0.008497797227571912, "trac": 0.5343906861074086, "lamV_A": 4.524158825347513e-15, "Utop": [-0.0833333330908545, -0.005457333846053623]}
{"test": "delta", "a": 1.0, "delta": 0.0, "apex_offset": 0.5, "lam": 30.0, "A": -0.1824187637158959, "Ac": -1.999999999999906, "PL2": 0.23565050597046297, "Pw_odd": 0.831354395017285, "Pw_even_mean0": 0.06918315266112605, "trac": 0.6016677576232252, "lamV_A": -5.023759186428833e-15, "Utop": [-0.08333333274284789, -0.006080625190328958]}
{"test": "decay", "rowP": [0.232712889386684, 0.03688015052838775, 0.003926811663685053, 0.0005476453129163048, 8.177878582839568e-05, 1.091085766876133e-05, 1.5378478564645877e-06, 2.1504635742000563e-07, 2.983255909740872e-08, 4.166893730921102e-09, 5.806166249246099e-10, 8.090482562800017e-11, 1.1294657993929101e-11, 1.5603945608787777e-12, 2.155461378399804e-13, 2.995395301792574e-14], "rowG": [0.11602645879292714, 0.008390401041657537, 0.0009959101801542602, 0.00013646901342384066, 1.9701860291161337e-05, 2.6865035130750615e-06, 3.756351437040641e-07, 5.247867190162114e-08, 7.297321163576094e-09, 1.0179713380850617e-09, 1.4187756187755825e-10, 1.9770256415598096e-11, 2.7570178861012027e-12, 3.8355498266476e-13, 5.296999638589322e-14, 9.843485145460083e-15]}
{"test": "lam", "a": 1.0, "delta": -1.0, "lam": 5, "A": 0.5790418644291133, "Ac": 1.33333333333334, "V": -0.11580837288581011, "lamA_scaled": -8.6856279664367, "PL2": 6.657367808051609, "lamV_A": 6.272760089132134e-14}
{"test": "lam", "a": 1.0, "delta": -1.0, "lam": 10, "A": -0.14595842625112537, "Ac": 2.0000000000000133, "V": 0.014595842625113048, "lamA_scaled": 1.4595842625112536, "PL2": 0.963893492014118, "lamV_A": 5.10702591327572e-15}
{"test": "lam", "a": 1.0, "delta": -1.0, "lam": 15, "A": -0.19742083049872242, "Ac": 3.999999999999983, "V": 0.01316138869991521, "lamA_scaled": 0.987104152493612, "PL2": 0.1421289172431718, "lamV_A": 5.745404152435185e-15}
{"test": "lam", "a": 1.0, "delta": -1.0, "lam": 19, "A": -0.6289982086665993, "Ac": 20.000000000007386, "V": 0.03310516887718986, "lamA_scaled": 0.6289982086665993, "PL2": 0.17542439156970518, "lamV_A": 8.104628079763643e-15}
{"test": "lam", "a": 1.0, "delta": -1.0, "lam": 19.9, "A": -5.891879100619157, "Ac": 199.99999999999727, "V": 0.29607432666428013, "lamA_scaled": 0.5891879100619241, "PL2": 1.323179012241339, "lamV_A": 1.687538997430238e-14}
{"test": "lam", "a": 1.0, "delta": -1.0, "lam": 20.1, "A": 5.846937480032093, "Ac": -199.99999999954898, "V": -0.2908924119418961, "lamA_scaled": 0.5846937480032176, "PL2": 1.3135298783339024, "lamV_A": -1.865174681370263e-14}
{"test": "lam", "a": 1.0, "delta": -1.0, "lam": 21, "A": 0.58273667414448, "Ac": -19.999999999994856, "V": -0.027749365435451447, "lamA_scaled": 0.58273667414448, "PL2": 0.19294944769030065, "lamV_A": -3.3306690738754696e-16}
{"test": "lam", "a": 1.0, "delta": -1.0, "lam": 25, "A": 0.1775634628344635, "Ac": -3.999999999999934, "V": -0.007102538513378617, "lamA_scaled": 0.8878173141723176, "PL2": 0.19722672291563415, "lamV_A": -1.915134717478395e-15}
{"test": "lam", "a": 1.0, "delta": -1.0, "lam": 30, "A": 0.18241876371609558, "Ac": -1.9999999999998666, "V": -0.0060806254572032216, "lamA_scaled": 1.8241876371609558, "PL2": 0.2356505059704904, "lamV_A": -1.0547118733938987e-15}
{"test": "lam", "a": 1.0, "delta": -1.0, "lam": 50, "A": 0.29584192102279033, "Ac": -0.6666666666666481, "V": -0.0059168384204556935, "lamA_scaled": 8.87525763068371, "PL2": 0.3169834439602275, "lamV_A": 5.662137425588298e-15}
{"test": "lam", "a": 1.0, "delta": -1.0, "lam": 100, "A": 0.44126273142169237, "Ac": -0.24999999999999356, "V": -0.00441262731421697, "lamA_scaled": 35.301018513735386, "PL2": 0.4069328459672774, "lamV_A": -4.6074255521944e-15}
{"test": "lam", "a": 1.0, "delta": -1.0, "lam": 300, "A": 0.6155611976233863, "Ac": -0.07142857142857016, "V": -0.002051870658744644, "lamA_scaled": 172.3571353345482, "PL2": 0.529986058506548, "lamV_A": -6.772360450213455e-15}
{"test": "lam", "a": 1.0, "delta": -1.0, "lam": 1000.0, "A": 0.748783650030093, "Ac": -0.020408163265304737, "V": -0.0007487836500300947, "lamA_scaled": 733.8079770294911, "PL2": 0.6591402449726055, "lamV_A": -1.7763568394002505e-15}
{"test": "lam", "a": 1.0, "delta": -1.0, "lam": 10000.0, "A": 0.8668830604950017, "Ac": -0.0020040080160320497, "V": -8.668830604950172e-05, "lamA_scaled": 8651.492943740117, "PL2": 0.8267338010049045, "lamV_A": -1.5432100042289676e-14}
{"test": "lam", "a": 1.0, "delta": -1.0, "lam": 1000000.0, "A": 0.8882126885068867, "Ac": -2.000040000799944e-05, "V": -8.88212688506886e-07, "lamA_scaled": 888194.9242531166, "PL2": 0.8625405551673166, "lamV_A": 7.771561172376096e-16}
{"test": "split", "kind": "bumpg", "A": -0.020037404205604608}
{"test": "split", "kind": "tl", "A": 0.20245616792180413}
{"test": "split", "kind": "bump", "A": 0.18241876371609558}
