  [t0 term: bar_t0=0.1216; without it L2/hG^1.5=1.4469, T/hG=3.6942]
ann_rect_S1_a1_l30.log: a=1.0 lamhat=30.0 rout=2.5  predicted P/hG=1.1462  L2/hG^1.5=1.4340  T/hG=3.5922
  N=  16 hG=0.3902  P/hG=+1.7256  L2/hG^1.5=1.9415  T/hG=4.5296  Psin/hG^2=+2.6447
  N=  32 hG=0.1960  P/hG=+1.6647  L2/hG^1.5=1.7821  T/hG=4.2630  Psin/hG^2=+2.4946  | Richardson: P=+1.6038 (1.399)  L2=+1.6226 (1.132)  T=+3.9965 (1.113)
  N=  64 hG=0.0981  P/hG=+1.4671  L2/hG^1.5=1.6343  T/hG=3.9726  Psin/hG^2=+2.3724  | Richardson: P=+1.2695 (1.108)  L2=+1.4865 (1.037)  T=+3.6821 (1.025)
  N= 128 hG=0.0491  P/hG=+1.3200  L2/hG^1.5=1.5408  T/hG=3.7906  Psin/hG^2=+2.3221  | Richardson: P=+1.1729 (1.023)  L2=+1.4473 (1.009)  T=+3.6087 (1.005)
  [t0 term: bar_t0=0.1216; without it L2/hG^1.5=1.4469, T/hG=3.6942]
annS_rect_a1_l30.log: a=1.0 lamhat=30.0 rout=1.4  predicted P/hG=1.1462  L2/hG^1.5=1.4340  T/hG=3.5922
  N=  64 hG=0.0981  P/hG=+2.4938  L2/hG^1.5=3.3192  T/hG=4.2944  Psin/hG^2=+21.9754
  N= 128 hG=0.0491  P/hG=+1.7932  L2/hG^1.5=2.5536  T/hG=3.8983  Psin/hG^2=+22.2145  | Richardson: P=+1.0927 (0.953)  L2=+1.7881 (1.247)  T=+3.5021 (0.975)
  [t0 term: bar_t0=0.0389; without it L2/hG^1.5=1.8234, T/hG=3.8100]
ann_rect_S1_a2.log: a=2.0 lamhat=30.0 rout=2.5  predicted P/hG=0.1831  L2/hG^1.5=1.8231  T/hG=3.8084
  N=  16 hG=0.3902  P/hG=+0.6967  L2/hG^1.5=2.0179  T/hG=3.6406  Psin/hG^2=+2.9589
  N=  32 hG=0.1960  P/hG=+0.4830  L2/hG^1.5=1.9915  T/hG=3.7656  Psin/hG^2=+3.1761  | Richardson: P=+0.2693 (1.470)  L2=+1.9650 (1.078)  T=+3.8905 (1.022)
  N=  64 hG=0.0981  P/hG=+0.3323  L2/hG^1.5=1.9268  T/hG=3.7894  Psin/hG^2=+3.2429  | Richardson: P=+0.1817 (0.992)  L2=+1.8621 (1.021)  T=+3.8132 (1.001)
  N= 128 hG=0.0491  P/hG=+0.2558  L2/hG^1.5=1.8801  T/hG=3.7988  Psin/hG^2=+3.2588  | Richardson: P=+0.1793 (0.979)  L2=+1.8334 (1.006)  T=+3.8082 (1.000)
  [t0 term: bar_t0=0.7060; without it L2/hG^1.5=2.4986, T/hG=6.8884]
ann_rect_S1_l100.log: a=1.0 lamhat=100.0 rout=2.5  predicted P/hG=2.7725  L2/hG^1.5=2.4809  T/hG=6.7593
  N=  16 hG=0.3902  P/hG=+3.8713  L2/hG^1.5=3.3090  T/hG=10.0917  Psin/hG^2=+0.4305
  N=  32 hG=0.1960  P/hG=+4.0487  L2/hG^1.5=3.2216  T/hG=9.3787  Psin/hG^2=-0.1158  | Richardson: P=+4.2262 (1.524)  L2=+3.1342 (1.263)  T=+8.6658 (1.282)
  N=  64 hG=0.0981  P/hG=+3.5708  L2/hG^1.5=2.9213  T/hG=8.2248  Psin/hG^2=-0.0649  | Richardson: P=+3.0929 (1.116)  L2=+2.6210 (1.057)  T=+7.0708 (1.046)
  N= 128 hG=0.0491  P/hG=+3.1993  L2/hG^1.5=2.7136  T/hG=7.5094  Psin/hG^2=+0.0690  | Richardson: P=+2.8278 (1.020)  L2=+2.5058 (1.010)  T=+6.7941 (1.005)
  [t0 term: bar_t0=0.0000; without it L2/hG^1.5=1.1549, T/hG=2.3784]
ann_sym_a1_l30.log: a=1.0 lamhat=30.0 rout=2.5  predicted P/hG=0.0000  L2/hG^1.5=1.1549  T/hG=2.3784
  N=  16 hG=0.3902  P/hG=-0.0000  L2/hG^1.5=1.5673  T/hG=2.6874  Psin/hG^2=+1.7137
  N=  32 hG=0.1960  P/hG=-0.0000  L2/hG^1.5=1.4254  T/hG=2.5657  Psin/hG^2=+1.6178  | Richardson: P=-0.0000  L2=+1.2834 (1.111)  T=+2.4440 (1.028)
  N=  64 hG=0.0981  P/hG=-0.0000  L2/hG^1.5=1.3108  T/hG=2.4797  Psin/hG^2=+1.5891  | Richardson: P=-0.0000  L2=+1.1963 (1.036)  T=+2.3937 (1.006)
  N= 128 hG=0.0491  P/hG=-0.0000  L2/hG^1.5=1.2389  T/hG=2.4307  Psin/hG^2=+1.5914  | Richardson: P=-0.0000  L2=+1.1669 (1.010)  T=+2.3818 (1.001)
  [t0 term: bar_t0=0.0000; without it L2/hG^1.5=1.1549, T/hG=2.3784]
annS_sym_a1_l30.log: a=1.0 lamhat=30.0 rout=1.4  predicted P/hG=0.0000  L2/hG^1.5=1.1549  T/hG=2.3784
  N= 256 hG=0.0245  P/hG=-0.0000  L2/hG^1.5=1.7743  T/hG=2.4240  Psin/hG^2=+21.5307
