m=5 gam=[0, 1, 2, 3, 4] d=(Fraction(1, 1), Fraction(0, 1)) exact identity: True  (free params: 5)
m=5 gam=[0, 1, 2, 3, 4] d=(Fraction(0, 1), Fraction(1, 1)) exact identity: True  (free params: 5)
m=7 gam=[1, 2, 3, 4, 6] d=(Fraction(1, 1), Fraction(0, 1)) exact identity: True  (free params: 5)
m=7 gam=[1, 2, 3, 4, 6] d=(Fraction(0, 1), Fraction(1, 1)) exact identity: True  (free params: 5)
m=5 gam=[0, 1, 2, 3, 4] d=(Fraction(1, 1), Fraction(0, 1)) exact identity: True  (free params: 5)
m=5 gam=[0, 1, 2, 3, 4] d=(Fraction(0, 1), Fraction(1, 1)) exact identity: True  (free params: 5)
m=3 gam=[0, 2] d=(Fraction(1, 1), Fraction(0, 1)) exact identity: True  (free params: 2)
m=3 gam=[0, 2] d=(Fraction(0, 1), Fraction(1, 1)) exact identity: True  (free params: 2)
m=6 gam=[1, 3, 5] d=(Fraction(1, 1), Fraction(0, 1)) exact identity: True  (free params: 3)
m=6 gam=[1, 3, 5] d=(Fraction(0, 1), Fraction(1, 1)) exact identity: True  (free params: 3)
m=5 gam=[3] d=(Fraction(1, 1), Fraction(0, 1)) exact identity: True  (free params: 1)
m=5 gam=[3] d=(Fraction(0, 1), Fraction(1, 1)) exact identity: True  (free params: 1)
m=5 gam=[1, 2, 4] d=(Fraction(1, 1), Fraction(0, 1)) exact identity: True  (free params: 3)
m=5 gam=[1, 2, 4] d=(Fraction(0, 1), Fraction(1, 1)) exact identity: True  (free params: 3)
m=4 gam=[2] d=(Fraction(1, 1), Fraction(0, 1)) exact identity: True  (free params: 1)
m=4 gam=[2] d=(Fraction(0, 1), Fraction(1, 1)) exact identity: True  (free params: 1)
m=7 gam=[3, 6] d=(Fraction(1, 1), Fraction(0, 1)) exact identity: True  (free params: 2)
m=7 gam=[3, 6] d=(Fraction(0, 1), Fraction(1, 1)) exact identity: True  (free params: 2)
m=4 gam=[0, 1, 2, 3] d=(Fraction(1, 1), Fraction(0, 1)) exact identity: True  (free params: 4)
m=4 gam=[0, 1, 2, 3] d=(Fraction(0, 1), Fraction(1, 1)) exact identity: True  (free params: 4)
bad 0
