Hermite (Hf)'(1/2) = -15*f0/8 + 15*f1/8 - 7*g0/16 - 7*g1/16 - k0/32 + k1/32
Phi [1.000000000001, 2.2465778759130846, 12.000000000012001, 57.16358631247909, 360.00000000036005, 2202.7492108232254, 46080.000000046086]
G [0.25341081619288036, 3.3788108825717384, 27.631164550808883, 165.52001953141553, 740.3906250007404, 2379.3750000023797, 4950.00000000495]
m_j {1: 3.6634644491631185, 2: 32.18677788725593, 3: 214.87464063841352, 4: 1143.3214467827481, 5: 4985.97016581402, 6: 18918.174998735114}
Ahat,Bhat,Chat = 4717730594816/558289907175 201326592/16900975 16777216/16900975 8.450323987922628 11.912128856471298 0.9926774047059416 quot 15.487341257227621
v0_f      |D1|<=      7.071  |D2|<=     40.000
v0_x      |D1|<=      2.828  |D2|<=     19.641
v0_y      |D1|<=      2.828  |D2|<=     19.641
v0_xx     |D1|<=      0.354  |D2|<=      2.646
v0_xy     |D1|<=      0.589  |D2|<=      5.011
v0_yy     |D1|<=      0.354  |D2|<=      2.646
v1_f      |D1|<=      5.590  |D2|<=     31.623
v1_x      |D1|<=      2.083  |D2|<=     13.292
v1_y      |D1|<=      2.902  |D2|<=     22.156
v1_xx     |D1|<=      0.253  |D2|<=      2.041
v1_xy     |D1|<=      0.589  |D2|<=      4.447
v1_yy     |D1|<=      0.325  |D2|<=      2.205
v2_f      |D1|<=      5.590  |D2|<=     31.623
v2_x      |D1|<=      2.902  |D2|<=     22.156
v2_y      |D1|<=      2.083  |D2|<=     13.292
v2_xx     |D1|<=      0.325  |D2|<=      2.205
v2_xy     |D1|<=      0.589  |D2|<=      4.447
v2_yy     |D1|<=      0.253  |D2|<=      2.041
e0(hyp)   |D1|<=      1.886  |D2|<=     16.865
e1        |D1|<=      3.771  |D2|<=     33.731
e2        |D1|<=      3.771  |D2|<=     33.731
Pv [0.19596716527363278, 1.4030725738950691] Ne [[1.8856180831660125, 3.771236166332025, 3.771236166332025], [16.865480854248226, 33.73096170849645, 33.73096170849645]] cH_full 0.015104166666666667 cH_half 0.007552083333333333
