{"N": 1024, "a": 1.0, "m": 2, "gamma": 0.5, "A": 2.25624, "phiP_re": -0.624199, "phiP_im": -0.00394842, "divres": 3.2052e-18, "relres": 2.61509e-13, "phiE": 1.43548}
{"N": 1024, "a": 1.0, "m": 2, "gamma": 0.75, "A": 1.83392, "phiP_re": -0.553697, "phiP_im": -0.00341312, "divres": 2.5484e-18, "relres": 1.95269e-13, "phiE": 1.16679}
{"N": 1024, "a": 1.0, "m": 2, "gamma": 1, "A": 1.60405, "phiP_re": -0.486015, "phiP_im": -0.00296581, "divres": 3.0945e-18, "relres": 1.35427e-13, "phiE": 1.02054}
{"N": 1024, "a": 1.0, "m": 2, "gamma": 1.5, "A": 1.34078, "phiP_re": -0.372943, "phiP_im": -0.00229478, "divres": 2.54788e-18, "relres": 9.31952e-14, "phiE": 0.85304}
{"N": 1024, "a": 1.0, "m": 2, "gamma": 2, "A": 1.18555, "phiP_re": -0.28539, "phiP_im": -0.00183045, "divres": 2.33104e-18, "relres": 7.09574e-14, "phiE": 0.75428}
{"N": 1024, "a": 1.0, "m": 2, "gamma": 3, "A": 1.00434, "phiP_re": -0.159445, "phiP_im": -0.00125215, "divres": 3.04193e-18, "relres": 4.80887e-14, "phiE": 0.638987}
{"N": 1024, "a": 1.0, "m": 2, "gamma": 5, "A": 0.832391, "phiP_re": -0.00633704, "phiP_im": -0.000718109, "divres": 2.77499e-18, "relres": 2.82999e-14, "phiE": 0.52959}
{"N": 1024, "a": 1.0, "m": 2, "gamma": 10, "A": 0.682891, "phiP_re": 0.184704, "phiP_im": -0.000354151, "divres": 2.65677e-18, "relres": 1.46648e-14, "phiE": 0.434474}
{"N": 1024, "a": 1.0, "m": 2, "gamma": 20, "A": 0.639391, "phiP_re": 0.364305, "phiP_im": -0.000154074, "divres": 2.76833e-18, "relres": 6.92517e-15, "phiE": 0.406798}
{"N": 1024, "a": 1.0, "m": 2, "gamma": 30, "A": 0.684854, "phiP_re": 0.466884, "phiP_im": -0.000162348, "divres": 2.62149e-18, "relres": 5.24923e-15, "phiE": 0.435722}
{"N": 1024, "a": 1.0, "m": 2, "gamma": 50, "A": 0.812238, "phiP_re": 0.590533, "phiP_im": -0.000153861, "divres": 2.84583e-18, "relres": 2.93136e-15, "phiE": 0.516768}
{"N": 1024, "a": 1.0, "m": 2, "gamma": 100, "A": 1.03735, "phiP_re": 0.736157, "phiP_im": -0.000138788, "divres": 2.6023e-18, "relres": 1.569e-15, "phiE": 0.659988}
{"N": 1024, "a": 1.0, "m": 2, "gamma": 300, "A": 1.32746, "phiP_re": 0.888862, "phiP_im": -0.000104516, "divres": 2.35776e-18, "relres": 4.87291e-16, "phiE": 0.844565}
{"N": 1024, "a": 1.0, "m": 2, "gamma": 1000.0, "A": 1.48399, "phiP_re": 0.962881, "phiP_im": -6.06896e-05, "divres": 2.4101e-18, "relres": 3.78443e-16, "phiE": 0.944155}
{"N": 1024, "a": 1.0, "m": 2, "gamma": 3000.0, "A": 1.53967, "phiP_re": 0.987169, "phiP_im": -2.8497e-05, "divres": 2.82015e-18, "relres": 2.93633e-16, "phiE": 0.979582}
{"N": 1024, "a": 1.0, "m": 2, "gamma": 10000.0, "A": 1.56166, "phiP_re": 0.996096, "phiP_im": -1.00391e-05, "divres": 2.60307e-18, "relres": 1.51691e-16, "phiE": 0.993571}
{"N": 1024, "a": 1.0, "m": 2, "gamma": 10000000000.0, "A": 1.57177, "phiP_re": 1.0, "phiP_im": -1.08635e-11, "divres": 2.47507e-18, "relres": 1.31733e-16, "phiE": 1.0}
{"N": 1024, "a": 1.0, "m": 2, "ell": 0.006135913525931952, "layers": 150, "ndof": 4800, "K_annulus": 2.3580537315593606, "secs": 3.3}
{"N": 512, "a": 1.0, "m": 2, "gamma": 0.5, "A": 2.61571, "phiP_re": -0.542424, "phiP_im": -0.00719728, "divres": 3.47025e-18, "relres": 1.82723e-13, "phiE": 1.65539}
{"N": 512, "a": 1.0, "m": 2, "gamma": 0.75, "A": 2.04975, "phiP_re": -0.501087, "phiP_im": -0.0063331, "divres": 4.34609e-18, "relres": 1.27514e-13, "phiE": 1.29722}
{"N": 512, "a": 1.0, "m": 2, "gamma": 1, "A": 1.74957, "phiP_re": -0.448918, "phiP_im": -0.00555635, "divres": 4.66902e-18, "relres": 9.23569e-14, "phiE": 1.10724}
{"N": 512, "a": 1.0, "m": 2, "gamma": 1.5, "A": 1.42254, "phiP_re": -0.351642, "phiP_im": -0.00434394, "divres": 5.85469e-18, "relres": 6.48368e-14, "phiE": 0.900275}
{"N": 512, "a": 1.0, "m": 2, "gamma": 2, "A": 1.23968, "phiP_re": -0.271816, "phiP_im": -0.00348418, "divres": 4.23192e-18, "relres": 5.5077e-14, "phiE": 0.784554}
{"N": 512, "a": 1.0, "m": 2, "gamma": 3, "A": 1.0347, "phiP_re": -0.153094, "phiP_im": -0.00239736, "divres": 4.48505e-18, "relres": 3.30433e-14, "phiE": 0.654826}
{"N": 512, "a": 1.0, "m": 2, "gamma": 5, "A": 0.847008, "phiP_re": -0.00493053, "phiP_im": -0.00138271, "divres": 3.90658e-18, "relres": 2.14307e-14, "phiE": 0.536042}
{"N": 512, "a": 1.0, "m": 2, "gamma": 10, "A": 0.687861, "phiP_re": 0.183383, "phiP_im": -0.000691491, "divres": 5.45954e-18, "relres": 1.13593e-14, "phiE": 0.435323}
{"N": 512, "a": 1.0, "m": 2, "gamma": 20, "A": 0.640184, "phiP_re": 0.362301, "phiP_im": -0.000297886, "divres": 4.8884e-18, "relres": 4.95599e-15, "phiE": 0.405151}
{"N": 512, "a": 1.0, "m": 2, "gamma": 30, "A": 0.684456, "phiP_re": 0.46476, "phiP_im": -0.000323267, "divres": 4.89114e-18, "relres": 3.66689e-15, "phiE": 0.433169}
{"N": 512, "a": 1.0, "m": 2, "gamma": 50, "A": 0.81164, "phiP_re": 0.58848, "phiP_im": -0.000311083, "divres": 5.09588e-18, "relres": 2.45416e-15, "phiE": 0.513659}
{"N": 512, "a": 1.0, "m": 2, "gamma": 100, "A": 1.03779, "phiP_re": 0.734418, "phiP_im": -0.000283577, "divres": 3.92088e-18, "relres": 1.14637e-15, "phiE": 0.656783}
{"N": 512, "a": 1.0, "m": 2, "gamma": 300, "A": 1.33066, "phiP_re": 0.887849, "phiP_im": -0.000214812, "divres": 4.12723e-18, "relres": 4.38663e-16, "phiE": 0.842129}
{"N": 512, "a": 1.0, "m": 2, "gamma": 1000.0, "A": 1.48976, "phiP_re": 0.962474, "phiP_im": -0.000124992, "divres": 5.42118e-18, "relres": 1.68773e-16, "phiE": 0.942815}
{"N": 512, "a": 1.0, "m": 2, "gamma": 3000.0, "A": 1.54686, "phiP_re": 0.987017, "phiP_im": -5.87705e-05, "divres": 4.49223e-18, "relres": 2.23221e-16, "phiE": 0.978952}
{"N": 512, "a": 1.0, "m": 2, "gamma": 10000.0, "A": 1.5696, "phiP_re": 0.996048, "phiP_im": -2.07221e-05, "divres": 5.09575e-18, "relres": 2.515e-16, "phiE": 0.993345}
{"N": 512, "a": 1.0, "m": 2, "gamma": 10000000000.0, "A": 1.58011, "phiP_re": 1.0, "phiP_im": -2.24339e-11, "divres": 4.88017e-18, "relres": 9.82023e-17, "phiE": 1.0}
{"N": 512, "a": 1.0, "m": 2, "ell": 0.01227176929830895, "layers": 75, "ndof": 2400, "K_annulus": 2.358055487820913, "secs": 1.9}
{"N": 512, "a": 1.0, "m": 1, "gamma": 0.5, "A": 5.04503, "phiP_re": -0.41605, "phiP_im": -0.00465989, "divres": 5.09591e-18, "relres": 2.35203e-13, "phiE": 3.19356}
{"N": 512, "a": 1.0, "m": 1, "gamma": 0.75, "A": 3.6859, "phiP_re": -0.413932, "phiP_im": -0.00444515, "divres": 5.0636e-18, "relres": 1.64543e-13, "phiE": 2.33321}
{"N": 512, "a": 1.0, "m": 1, "gamma": 1, "A": 2.94865, "phiP_re": -0.383757, "phiP_im": -0.00417544, "divres": 5.6893e-18, "relres": 1.2736e-13, "phiE": 1.86653}
{"N": 512, "a": 1.0, "m": 1, "gamma": 1.5, "A": 2.16759, "phiP_re": -0.309737, "phiP_im": -0.00368425, "divres": 5.23956e-18, "relres": 8.57008e-14, "phiE": 1.37211}
{"N": 512, "a": 1.0, "m": 1, "gamma": 2, "A": 1.75843, "phiP_re": -0.241732, "phiP_im": -0.00329878, "divres": 5.38598e-18, "relres": 6.7406e-14, "phiE": 1.1131}
{"N": 512, "a": 1.0, "m": 1, "gamma": 3, "A": 1.33587, "phiP_re": -0.134596, "phiP_im": -0.00276694, "divres": 6.14477e-18, "relres": 4.62139e-14, "phiE": 0.845619}
{"N": 512, "a": 1.0, "m": 1, "gamma": 5, "A": 0.990138, "phiP_re": 0.00486977, "phiP_im": -0.00219705, "divres": 5.42217e-18, "relres": 2.82774e-14, "phiE": 0.626768}
{"N": 512, "a": 1.0, "m": 1, "gamma": 10, "A": 0.734371, "phiP_re": 0.187411, "phiP_im": -0.00166357, "divres": 6.37172e-18, "relres": 1.40216e-14, "phiE": 0.464865}
{"N": 512, "a": 1.0, "m": 1, "gamma": 20, "A": 0.652427, "phiP_re": 0.363788, "phiP_im": -0.00122093, "divres": 7.54368e-18, "relres": 7.03388e-15, "phiE": 0.412993}
{"N": 512, "a": 1.0, "m": 1, "gamma": 30, "A": 0.689226, "phiP_re": 0.465601, "phiP_im": -0.00107975, "divres": 6.36595e-18, "relres": 4.79499e-15, "phiE": 0.436288}
{"N": 512, "a": 1.0, "m": 1, "gamma": 50, "A": 0.812714, "phiP_re": 0.588863, "phiP_im": -0.000885194, "divres": 5.78676e-18, "relres": 3.04972e-15, "phiE": 0.514457}
{"N": 512, "a": 1.0, "m": 1, "gamma": 100, "A": 1.03772, "phiP_re": 0.734538, "phiP_im": -0.000640329, "divres": 6.00654e-18, "relres": 1.43071e-15, "phiE": 0.656888}
{"N": 512, "a": 1.0, "m": 1, "gamma": 300, "A": 1.33051, "phiP_re": 0.887864, "phiP_im": -0.000338903, "divres": 6.47772e-18, "relres": 4.79037e-16, "phiE": 0.84223}
{"N": 512, "a": 1.0, "m": 1, "gamma": 1000.0, "A": 1.48962, "phiP_re": 0.962474, "phiP_im": -0.000146879, "divres": 6.38623e-18, "relres": 3.6666e-16, "phiE": 0.942945}
{"N": 512, "a": 1.0, "m": 1, "gamma": 3000.0, "A": 1.54663, "phiP_re": 0.987017, "phiP_im": -6.01391e-05, "divres": 6.74046e-18, "relres": 3.45149e-16, "phiE": 0.979035}
{"N": 512, "a": 1.0, "m": 1, "gamma": 10000.0, "A": 1.56929, "phiP_re": 0.996048, "phiP_im": -1.99833e-05, "divres": 6.16051e-18, "relres": 2.93478e-16, "phiE": 0.993378}
{"N": 512, "a": 1.0, "m": 1, "gamma": 10000000000.0, "A": 1.57975, "phiP_re": 1.0, "phiP_im": -2.10439e-11, "divres": 7.66871e-18, "relres": 9.81935e-17, "phiE": 1.0}
{"N": 512, "a": 1.0, "m": 1, "ell": 0.01227176929830895, "layers": 75, "ndof": 2400, "K_annulus": 3.0945812989774844, "secs": 2.5}
{"N": 512, "a": 1.0, "m": 3, "gamma": 0.5, "A": 2.81633, "phiP_re": -0.530318, "phiP_im": -0.0101063, "divres": 2.93587e-18, "relres": 1.69904e-13, "phiE": 1.78154}
{"N": 512, "a": 1.0, "m": 3, "gamma": 0.75, "A": 2.17502, "phiP_re": -0.493168, "phiP_im": -0.00881192, "divres": 4.34614e-18, "relres": 1.18461e-13, "phiE": 1.37587}
{"N": 512, "a": 1.0, "m": 3, "gamma": 1, "A": 1.83639, "phiP_re": -0.443199, "phiP_im": -0.00764611, "divres": 4.8882e-18, "relres": 8.63852e-14, "phiE": 1.16165}
{"N": 512, "a": 1.0, "m": 3, "gamma": 1.5, "A": 1.47251, "phiP_re": -0.348115, "phiP_im": -0.00582747, "divres": 3.98832e-18, "relres": 6.53913e-14, "phiE": 0.931473}
{"N": 512, "a": 1.0, "m": 3, "gamma": 2, "A": 1.27278, "phiP_re": -0.26934, "phiP_im": -0.0045415, "divres": 4.67024e-18, "relres": 5.13786e-14, "phiE": 0.805127}
{"N": 512, "a": 1.0, "m": 3, "gamma": 3, "A": 1.05274, "phiP_re": -0.151598, "phiP_im": -0.00292589, "divres": 4.77136e-18, "relres": 3.15338e-14, "phiE": 0.665935}
{"N": 512, "a": 1.0, "m": 3, "gamma": 5, "A": 0.855024, "phiP_re": -0.00413717, "phiP_im": -0.00144213, "divres": 3.51918e-18, "relres": 1.88049e-14, "phiE": 0.540867}
{"N": 512, "a": 1.0, "m": 3, "gamma": 10, "A": 0.690298, "phiP_re": 0.183696, "phiP_im": -0.000489462, "divres": 5.01819e-18, "relres": 1.11489e-14, "phiE": 0.436665}
{"N": 512, "a": 1.0, "m": 3, "gamma": 20, "A": 0.640918, "phiP_re": 0.362579, "phiP_im": -2.65496e-06, "divres": 4.66254e-18, "relres": 4.53843e-15, "phiE": 0.405429}
{"N": 512, "a": 1.0, "m": 3, "gamma": 30, "A": 0.684663, "phiP_re": 0.464903, "phiP_im": -0.000104882, "divres": 3.79945e-18, "relres": 3.73742e-15, "phiE": 0.433101}
{"N": 512, "a": 1.0, "m": 3, "gamma": 50, "A": 0.811635, "phiP_re": 0.588554, "phiP_im": -0.000164847, "divres": 5.00508e-18, "relres": 1.90467e-15, "phiE": 0.51342}
{"N": 512, "a": 1.0, "m": 3, "gamma": 100, "A": 1.03774, "phiP_re": 0.734448, "phiP_im": -0.000219283, "divres": 4.56658e-18, "relres": 1.10057e-15, "phiE": 0.656446}
{"N": 512, "a": 1.0, "m": 3, "gamma": 300, "A": 1.33067, "phiP_re": 0.887857, "phiP_im": -0.000226547, "divres": 3.9034e-18, "relres": 3.32913e-16, "phiE": 0.841751}
{"N": 512, "a": 1.0, "m": 3, "gamma": 1000.0, "A": 1.48996, "phiP_re": 0.962477, "phiP_im": -0.000152605, "divres": 5.0196e-18, "relres": 2.56191e-16, "phiE": 0.942512}
{"N": 512, "a": 1.0, "m": 3, "gamma": 3000.0, "A": 1.5473, "phiP_re": 0.987019, "phiP_im": -7.54376e-05, "divres": 4.03719e-18, "relres": 2.43818e-16, "phiE": 0.97878}
{"N": 512, "a": 1.0, "m": 3, "gamma": 10000.0, "A": 1.57021, "phiP_re": 0.996049, "phiP_im": -2.71028e-05, "divres": 4.68546e-18, "relres": 2.44547e-16, "phiE": 0.993279}
{"N": 512, "a": 1.0, "m": 3, "gamma": 10000000000.0, "A": 1.58084, "phiP_re": 1.0, "phiP_im": -2.9585e-11, "divres": 5.31386e-18, "relres": 1.24228e-16, "phiE": 1.0}
{"N": 512, "a": 1.0, "m": 3, "ell": 0.01227176929830895, "layers": 75, "ndof": 2400, "K_annulus": 2.4412098893676393, "secs": 2.3}
{"N": 512, "a": 0.75, "m": 2, "gamma": 0.5, "A": 3.1396, "phiP_re": 1.1919, "phiP_im": 0.0179648, "divres": 3.90837e-18, "relres": 2.36686e-13, "phiE": 2.3868}
{"N": 512, "a": 0.75, "m": 2, "gamma": 0.75, "A": 2.99238, "phiP_re": 1.3937, "phiP_im": 0.0194257, "divres": 4.98736e-18, "relres": 1.5886e-13, "phiE": 2.27488}
{"N": 512, "a": 0.75, "m": 2, "gamma": 1, "A": 3.17408, "phiP_re": 1.65056, "phiP_im": 0.0211183, "divres": 5.3133e-18, "relres": 1.25613e-13, "phiE": 2.41301}
{"N": 512, "a": 0.75, "m": 2, "gamma": 1.5, "A": 4.24702, "phiP_re": 2.47996, "phiP_im": 0.0269642, "divres": 4.34334e-18, "relres": 8.40645e-14, "phiE": 3.22869}
{"N": 512, "a": 0.75, "m": 2, "gamma": 2, "A": 7.52523, "phiP_re": 4.6373, "phiP_im": 0.0437128, "divres": 4.66957e-18, "relres": 6.72053e-14, "phiE": 5.72086}
{"N": 512, "a": 0.75, "m": 2, "gamma": 3, "A": 10.4047, "phiP_re": -6.45754, "phiP_im": -0.0485286, "divres": 5.08716e-18, "relres": 4.20558e-14, "phiE": 7.90991}
{"N": 512, "a": 0.75, "m": 2, "gamma": 5, "A": 1.90401, "phiP_re": -0.920192, "phiP_im": -0.00539108, "divres": 3.36336e-18, "relres": 2.46179e-14, "phiE": 1.44747}
{"N": 512, "a": 0.75, "m": 2, "gamma": 10, "A": 0.891356, "phiP_re": -0.00882272, "phiP_im": -0.000846673, "divres": 5.11984e-18, "relres": 1.20185e-14, "phiE": 0.677631}
{"N": 512, "a": 0.75, "m": 2, "gamma": 20, "A": 0.709572, "phiP_re": 0.364028, "phiP_im": -0.000789631, "divres": 5.86496e-18, "relres": 6.57728e-15, "phiE": 0.539434}
{"N": 512, "a": 0.75, "m": 2, "gamma": 30, "A": 0.724458, "phiP_re": 0.512581, "phiP_im": -5.98156e-05, "divres": 5.2137e-18, "relres": 4.40984e-15, "phiE": 0.550751}
{"N": 512, "a": 0.75, "m": 2, "gamma": 50, "A": 0.816906, "phiP_re": 0.65888, "phiP_im": -0.000147599, "divres": 5.64717e-18, "relres": 2.46453e-15, "phiE": 0.621032}
{"N": 512, "a": 0.75, "m": 2, "gamma": 100, "A": 0.978223, "phiP_re": 0.800166, "phiP_im": -0.000191509, "divres": 5.13286e-18, "relres": 1.32754e-15, "phiE": 0.743669}
{"N": 512, "a": 0.75, "m": 2, "gamma": 300, "A": 1.16766, "phiP_re": 0.922942, "phiP_im": -0.000180111, "divres": 4.03983e-18, "relres": 5.25688e-16, "phiE": 0.88768}
{"N": 512, "a": 0.75, "m": 2, "gamma": 1000.0, "A": 1.26297, "phiP_re": 0.975242, "phiP_im": -0.000107595, "divres": 4.99907e-18, "relres": 3.89606e-16, "phiE": 0.96014}
{"N": 512, "a": 0.75, "m": 2, "gamma": 3000.0, "A": 1.29638, "phiP_re": 0.991545, "phiP_im": -4.8645e-05, "divres": 5.09577e-18, "relres": 3.33928e-16, "phiE": 0.985536}
{"N": 512, "a": 0.75, "m": 2, "gamma": 10000.0, "A": 1.30946, "phiP_re": 0.997439, "phiP_im": -1.66237e-05, "divres": 4.81956e-18, "relres": 1.92378e-16, "phiE": 0.99548}
{"N": 512, "a": 0.75, "m": 2, "gamma": 10000000000.0, "A": 1.3154, "phiP_re": 1.0, "phiP_im": -1.76685e-11, "divres": 3.25939e-18, "relres": 1.52119e-16, "phiE": 1.0}
{"N": 512, "a": 0.75, "m": 2, "ell": 0.01227176929830895, "layers": 100, "ndof": 3200, "K_annulus": 2.358055487820913, "secs": 2.3}
{"N": 512, "a": 2.0, "m": 2, "gamma": 0.5, "A": 2.21437, "phiP_re": 0.193304, "phiP_im": -0.000927424, "divres": 5.29277e-18, "relres": 1.62038e-13, "phiE": 0.73136}
{"N": 512, "a": 2.0, "m": 2, "gamma": 0.75, "A": 1.58654, "phiP_re": 0.167017, "phiP_im": -0.000912207, "divres": 5.05647e-18, "relres": 1.10102e-13, "phiE": 0.524001}
{"N": 512, "a": 2.0, "m": 2, "gamma": 1, "A": 1.26974, "phiP_re": 0.15399, "phiP_im": -0.0008842, "divres": 4.92753e-18, "relres": 8.37446e-14, "phiE": 0.419367}
{"N": 512, "a": 2.0, "m": 2, "gamma": 1.5, "A": 0.962772, "phiP_re": 0.142073, "phiP_im": -0.000821214, "divres": 6.32687e-18, "relres": 6.51539e-14, "phiE": 0.317983}
{"N": 512, "a": 2.0, "m": 2, "gamma": 2, "A": 0.819634, "phiP_re": 0.137464, "phiP_im": -0.000761519, "divres": 6.66885e-18, "relres": 3.9269e-14, "phiE": 0.270708}
{"N": 512, "a": 2.0, "m": 2, "gamma": 3, "A": 0.68889, "phiP_re": 0.135633, "phiP_im": -0.000662506, "divres": 5.37231e-18, "relres": 2.79287e-14, "phiE": 0.227526}
{"N": 512, "a": 2.0, "m": 2, "gamma": 5, "A": 0.593498, "phiP_re": 0.140531, "phiP_im": -0.000539576, "divres": 5.56654e-18, "relres": 1.69958e-14, "phiE": 0.19602}
{"N": 512, "a": 2.0, "m": 2, "gamma": 10, "A": 0.520784, "phiP_re": 0.161879, "phiP_im": -0.000259241, "divres": 5.84857e-18, "relres": 9.11759e-15, "phiE": 0.172004}
{"N": 512, "a": 2.0, "m": 2, "gamma": 20, "A": 0.504988, "phiP_re": 0.205312, "phiP_im": -0.000236473, "divres": 4.82382e-18, "relres": 4.55855e-15, "phiE": 0.166787}
{"N": 512, "a": 2.0, "m": 2, "gamma": 30, "A": 0.552905, "phiP_re": 0.245467, "phiP_im": -0.000226589, "divres": 5.02846e-18, "relres": 2.95844e-15, "phiE": 0.182613}
{"N": 512, "a": 2.0, "m": 2, "gamma": 50, "A": 0.709223, "phiP_re": 0.314877, "phiP_im": -0.000225488, "divres": 7.66607e-18, "relres": 2.0679e-15, "phiE": 0.234242}
{"N": 512, "a": 2.0, "m": 2, "gamma": 100, "A": 1.09081, "phiP_re": 0.442025, "phiP_im": -0.000220179, "divres": 6.35298e-18, "relres": 9.36038e-16, "phiE": 0.36027}
{"N": 512, "a": 2.0, "m": 2, "gamma": 300, "A": 1.88148, "phiP_re": 0.67721, "phiP_im": -0.000175943, "divres": 7.64406e-18, "relres": 3.22495e-16, "phiE": 0.621413}
{"N": 512, "a": 2.0, "m": 2, "gamma": 1000.0, "A": 2.5529, "phiP_re": 0.868717, "phiP_im": -0.000110968, "divres": 5.03762e-18, "relres": 2.09843e-16, "phiE": 0.843171}
{"N": 512, "a": 2.0, "m": 2, "gamma": 3000.0, "A": 2.84777, "phiP_re": 0.951197, "phiP_im": -6.41535e-05, "divres": 4.43057e-18, "relres": 1.59081e-16, "phiE": 0.940558}
{"N": 512, "a": 2.0, "m": 2, "gamma": 10000.0, "A": 2.97004, "phiP_re": 0.984733, "phiP_im": -2.8534e-05, "divres": 6.76199e-18, "relres": 1.56978e-16, "phiE": 0.980942}
{"N": 512, "a": 2.0, "m": 2, "gamma": 10000000000.0, "A": 3.02774, "phiP_re": 1.0, "phiP_im": -3.73088e-11, "divres": 8.16897e-18, "relres": 9.81945e-17, "phiE": 1.0}
{"N": 512, "a": 2.0, "m": 2, "ell": 0.01227176929830895, "layers": 38, "ndof": 1216, "K_annulus": 2.358055487820913, "secs": 1.2}
