== FEM (code/svn.py, method GS, test P); trace check max|U - (p-pbar)e_r| on Gamma = 5.6e-16
   N      mu      h/mu  gamma*hG  K_h=|grad e|mu/(hG)     slip  dist=|grad((mu/h)e-U)|/|grad U|
  16   1e+02  1.51e-02  1.40e+01             2.464154  0.89347                          0.19259   (res 7.5e-16, div 1.2e-15, 0.5s)
  16   1e+03  1.51e-03  1.40e+02             2.784385  0.97084                          0.31848   (res 7.6e-16, div 1.4e-16, 0.4s)
  16   1e+04  1.51e-04  1.40e+03             3.056242  0.98061                          0.53916   (res 7.8e-16, div 1.4e-17, 0.4s)
  16   1e+06  1.51e-06  1.40e+05             3.319363  0.98194                          0.71337   (res 8.1e-16, div 1.3e-19, 0.3s)
  16   1e+08  1.51e-08  1.40e+07             3.325353  0.98195                          0.71702   (res 7.9e-16, div 1.4e-21, 0.3s)
  24   1e+02  1.06e-02  9.72e+00             2.562853  0.92718                          0.14748   (res 1.4e-15, div 1.3e-15, 0.8s)
  24   1e+03  1.06e-03  9.72e+01             2.791307  0.98420                          0.25898   (res 1.4e-15, div 1.5e-16, 0.8s)
  24   1e+04  1.06e-04  9.72e+02             2.930909  0.99088                          0.39848   (res 1.4e-15, div 1.5e-17, 0.7s)
  24   1e+06  1.06e-06  9.72e+04             3.042534  0.99170                          0.49491   (res 1.2e-15, div 1.6e-19, 0.8s)
  24   1e+08  1.06e-08  9.72e+06             3.045184  0.99171                          0.49703   (res 1.3e-15, div 1.4e-21, 0.8s)
  32   1e+02  8.13e-03  7.35e+00             2.611685  0.94464                          0.12391   (res 1.7e-15, div 1.5e-15, 1.4s)
  32   1e+03  8.13e-04  7.35e+01             2.788002  0.98962                          0.22234   (res 1.7e-15, div 1.5e-16, 1.4s)
  32   1e+04  8.13e-05  7.35e+02             2.875144  0.99468                          0.32280   (res 1.6e-15, div 1.6e-17, 1.5s)
  32   1e+06  8.13e-07  7.35e+04             2.932575  0.99527                          0.38330   (res 1.7e-15, div 1.6e-19, 1.4s)
  32   1e+08  8.13e-09  7.35e+06             2.933924  0.99528                          0.38465   (res 1.7e-15, div 1.5e-21, 1.5s)
  48   1e+02  5.56e-03  4.89e+00             2.660139  0.96256                          0.09811   (res 2.9e-15, div 1.5e-15, 4.9s)
  48   1e+03  5.56e-04  4.89e+01             2.780786  0.99408                          0.17912   (res 2.6e-15, div 1.6e-16, 6.2s)
  48   1e+04  5.56e-05  4.89e+02             2.828285  0.99749                          0.24552   (res 2.9e-15, div 1.6e-17, 4.7s)
  48   1e+06  5.56e-07  4.89e+04             2.850944  0.99788                          0.27648   (res 2.7e-15, div 1.6e-19, 4.9s)
  48   1e+08  5.56e-09  4.89e+06             2.851445  0.99788                          0.27714   (res 2.9e-15, div 1.6e-21, 4.6s)
  64   1e+02  4.22e-03  3.66e+00             2.684265  0.97171                          0.08363   (res 3.8e-15, div 1.6e-15, 11.4s)
  64   1e+03  4.22e-04  3.66e+01             2.775864  0.99594                          0.15382   (res 3.6e-15, div 1.7e-16, 11.5s)
  64   1e+04  4.22e-05  3.66e+02             2.808198  0.99851                          0.20552   (res 3.8e-15, div 1.7e-17, 12.1s)
  64   1e+06  4.22e-07  3.66e+04             2.820525  0.99880                          0.22537   (res 3.8e-15, div 1.7e-19, 13.0s)
  64   1e+08  4.22e-09  3.66e+06             2.820779  0.99880                          0.22577   (res 3.6e-15, div 1.7e-21, 17.1s)
  96   1e+02  2.85e-03  2.42e+00             2.708355  0.98099                          0.06719   (res 6.1e-15, div 1.7e-15, 47.8s)
  96   1e+03  2.85e-04  2.42e+01             2.770143  0.99755                          0.12439   (res 5.7e-15, div 1.7e-16, 42.6s)
  96   1e+04  2.85e-05  2.42e+02             2.789923  0.99927                          0.16269   (res 5.9e-15, div 1.7e-17, 65.0s)
  96   1e+06  2.85e-07  2.42e+04             2.795777  0.99947                          0.17431   (res 5.9e-15, div 1.7e-19, 80.3s)
  96   1e+08  2.85e-09  2.42e+06             2.795881  0.99947                          0.17452   (res 6.0e-15, div 1.7e-21, 76.4s)
