Clough--Tocher exact computations (code/lamstar_exact_ct.py)
Part 1: local surjectivity of div on the CT-split reference triangle
  k=2: dim V_0(T^) = 8 (node count 8),  dim Q(T^) = 9,  rank div = 8  -> onto Q_0 (rank = dimQ-1): True;  dim ker div = 0
  k=3: dim V_0(T^) = 20 (node count 20),  dim Q(T^) = 18,  rank div = 17  -> onto Q_0 (rank = dimQ-1): True;  dim ker div = 3
  k=4: dim V_0(T^) = 38 (node count 38),  dim Q(T^) = 30,  rank div = 29  -> onto Q_0 (rank = dimQ-1): True;  dim ker div = 9
  k=5: dim V_0(T^) = 62 (node count 62),  dim Q(T^) = 45,  rank div = 44  -> onto Q_0 (rank = dimQ-1): True;  dim ker div = 18
  k=6: dim V_0(T^) = 92 (node count 92),  dim Q(T^) = 63,  rank div = 62  -> onto Q_0 (rank = dimQ-1): True;  dim ker div = 30
Validation: UNSPLIT fans with k = 4 must reproduce the paper's 9.97854 (S3) and 9.26747 (S4')
[S3 UNSPLIT] k=4, m=3 macro triangles (3 elements): dim V_star = 44, dim Pi_star = 30, rank div = 30 (onto: True); div-free kernel dim = 14 (= dimV - dimPi: True)
    exact split: rank C on kernel = 11, dim(ker C) = 3; top eigenvalues of (2B-A)/C: [9.978546, 6.706488, -1.02228, -9.206991]
    float lambda* = 9.97854617;  exact Rayleigh quotient of rational witness = 9.97854617
    EXACT check  2B - A - (9)*C > 0 :  True   (value 2.0344e-02);  witness denominators <= 10000; time 0.8s
[S4' UNSPLIT] k=4, m=4 macro triangles (4 elements): dim V_star = 56, dim Pi_star = 40, rank div = 40 (onto: True); div-free kernel dim = 16 (= dimV - dimPi: True)
    exact split: rank C on kernel = 11, dim(ker C) = 5; top eigenvalues of (2B-A)/C: [9.267472, 6.82227, -1.622011, -8.640174]
    float lambda* = 9.26747172;  exact Rayleigh quotient of rational witness = 9.26747172
    EXACT check  2B - A - (9)*C > 0 :  True   (value 2.1322e-03);  witness denominators <= 10000; time 1.4s
Part 2: star certificates, k = 2
[S2] k=2, m=2 macro triangles (6 elements): dim V_star = 24, dim Pi_star = 18, rank div = 18 (onto: True); div-free kernel dim = 6 (= dimV - dimPi: True)
    exact split: rank C on kernel = 5, dim(ker C) = 1; top eigenvalues of (2B-A)/C: [5.717155, 4.784547, -21.306105, -26.909547]
    float lambda* = 5.71715454;  exact Rayleigh quotient of rational witness = 5.71715454
    EXACT check  2B - A - (571/100)*C > 0 :  True   (value 2.3586e-04);  witness denominators <= 10000; time 0.2s
[S3] k=2, m=3 macro triangles (9 elements): dim V_star = 34, dim Pi_star = 27, rank div = 27 (onto: True); div-free kernel dim = 7 (= dimV - dimPi: True)
    exact split: rank C on kernel = 5, dim(ker C) = 2; top eigenvalues of (2B-A)/C: [7.548839, 4.474877, -11.491348, -27.083573]
    float lambda* = 7.54883943;  exact Rayleigh quotient of rational witness = 7.54883943
    EXACT check  2B - A - (377/50)*C > 0 :  True   (value 3.6245e-04);  witness denominators <= 10000; time 0.5s
[S4] k=2, m=4 macro triangles (12 elements): dim V_star = 44, dim Pi_star = 36, rank div = 36 (onto: True); div-free kernel dim = 8 (= dimV - dimPi: True)
    exact split: rank C on kernel = 5, dim(ker C) = 3; top eigenvalues of (2B-A)/C: [7.544669, 4.475826, -11.789196, -26.908923]
    float lambda* = 7.54466877;  exact Rayleigh quotient of rational witness = 7.54466877
    EXACT check  2B - A - (377/50)*C > 0 :  True   (value 1.9184e-04);  witness denominators <= 10000; time 1.1s
[S4'] k=2, m=4 macro triangles (12 elements): dim V_star = 44, dim Pi_star = 36, rank div = 36 (onto: True); div-free kernel dim = 8 (= dimV - dimPi: True)
    exact split: rank C on kernel = 5, dim(ker C) = 3; top eigenvalues of (2B-A)/C: [7.521803, 4.475999, -10.361149, -22.661835]
    float lambda* = 7.52180305;  exact Rayleigh quotient of rational witness = 7.52180304
    EXACT check  2B - A - (188/25)*C > 0 :  True   (value 7.5200e-05);  witness denominators <= 10000; time 1.0s
Part 2: star certificates, k = 3
[S2] k=3, m=2 macro triangles (6 elements): dim V_star = 54, dim Pi_star = 36, rank div = 36 (onto: True); div-free kernel dim = 18 (= dimV - dimPi: True)
    exact split: rank C on kernel = 9, dim(ker C) = 9; top eigenvalues of (2B-A)/C: [24.154725, 24.086505, 5.39343, 0.932737]
    float lambda* = 24.15472466;  exact Rayleigh quotient of rational witness = 24.15473069
    EXACT check  2B - A - (483/20)*C > 0 :  True   (value 3.0499e-04);  witness denominators <= 10000; time 1.6s
[S3] k=3, m=3 macro triangles (9 elements): dim V_star = 78, dim Pi_star = 54, rank div = 54 (onto: True); div-free kernel dim = 24 (= dimV - dimPi: True)
    exact split: rank C on kernel = 9, dim(ker C) = 15; top eigenvalues of (2B-A)/C: [24.812178, 24.090939, 6.988447, 0.042336]
    float lambda* = 24.81217827;  exact Rayleigh quotient of rational witness = 24.81226785
    EXACT check  2B - A - (2481/100)*C > 0 :  True   (value 2.6635e-05);  witness denominators <= 1000000; time 5.0s
[S4] k=3, m=4 macro triangles (12 elements): dim V_star = 102, dim Pi_star = 72, rank div = 72 (onto: True); div-free kernel dim = 30 (= dimV - dimPi: True)
    exact split: rank C on kernel = 9, dim(ker C) = 21; top eigenvalues of (2B-A)/C: [24.808483, 24.091924, 6.969483, 0.069771]
    float lambda* = 24.80848335;  exact Rayleigh quotient of rational witness = 24.80848328
    EXACT check  2B - A - (124/5)*C > 0 :  True   (value 9.9189e-05);  witness denominators <= 1000000; time 12.9s
[S4'] k=3, m=4 macro triangles (12 elements): dim V_star = 102, dim Pi_star = 72, rank div = 72 (onto: True); div-free kernel dim = 30 (= dimV - dimPi: True)
    exact split: rank C on kernel = 9, dim(ker C) = 21; top eigenvalues of (2B-A)/C: [24.80693, 24.09271, 6.904735, 0.099056]
    float lambda* = 24.80692972;  exact Rayleigh quotient of rational witness = 24.80696408
    EXACT check  2B - A - (124/5)*C > 0 :  True   (value 8.2574e-05);  witness denominators <= 1000000; time 14.3s
Part 2: star certificates, k = 4
[S2] k=4, m=2 macro triangles (6 elements): dim V_star = 96, dim Pi_star = 60, rank div = 60 (onto: True); div-free kernel dim = 36 (= dimV - dimPi: True)
    exact split: rank C on kernel = 13, dim(ker C) = 23; top eigenvalues of (2B-A)/C: [48.389466, 48.369276, 28.801917, 28.651551]
    float lambda* = 48.38946600;  exact Rayleigh quotient of rational witness = 48.38946484
    EXACT check  2B - A - (2419/50)*C > 0 :  True   (value 3.0648e-05);  witness denominators <= 1000000; time 12.2s
[S3] k=4, m=3 macro triangles (9 elements): dim V_star = 140, dim Pi_star = 90, rank div = 90 (onto: True); div-free kernel dim = 50 (= dimV - dimPi: True)
    exact split: rank C on kernel = 13, dim(ker C) = 37; top eigenvalues of (2B-A)/C: [48.782561, 48.370467, 30.581708, 28.620933]
    float lambda* = 48.78256080;  exact Rayleigh quotient of rational witness = 48.78254641
    EXACT check  2B - A - (2439/50)*C > 0 :  True   (value 3.2144e-06);  witness denominators <= 100000000; time 37.4s
[S4] k=4, m=4 macro triangles (12 elements): dim V_star = 184, dim Pi_star = 120, rank div = 120 (onto: True); div-free kernel dim = 64 (= dimV - dimPi: True)
    exact split: rank C on kernel = 13, dim(ker C) = 51; top eigenvalues of (2B-A)/C: [48.781809, 48.371235, 30.575254, 28.626167]
    float lambda* = 48.78180870;  exact Rayleigh quotient of rational witness = 48.78180849
    EXACT check  2B - A - (2439/50)*C > 0 :  True   (value 2.2933e-06);  witness denominators <= 100000000; time 74.0s
[S4'] k=4, m=4 macro triangles (12 elements): dim V_star = 184, dim Pi_star = 120, rank div = 120 (onto: True); div-free kernel dim = 64 (= dimV - dimPi: True)
    exact split: rank C on kernel = 13, dim(ker C) = 51; top eigenvalues of (2B-A)/C: [48.777979, 48.371722, 30.544591, 28.628829]
    float lambda* = 48.77797930;  exact Rayleigh quotient of rational witness = 48.77803169
    EXACT check  2B - A - (4877/100)*C > 0 :  True   (value 1.0333e-05);  witness denominators <= 100000000; time 88.9s

real	4m14.241s
user	1m46.699s
sys	0m0.201s
