== single-triangle witness: exact forms (entries are rational in the apex (a,b))
  A[00] = (3*a**4 - 6*a**3 + 6*a**2*b**2 + 12*a**2 - 6*a*b**2 - 9*a + 3*b**4 + 4*b**2 + 9)/(630*b**3)
  A[01] = (3*a**4 + 6*a**2*b**2 - 5*a**2 + 6*a + 3*b**4 - 7*b**2 - 9)/(420*b**3)
  A[02] = (3*a**4 - 12*a**3 + 6*a**2*b**2 + 13*a**2 - 12*a*b**2 - 8*a + 3*b**4 - b**2 - 5)/(420*b**3)
  A[11] = (3*a**4 - 3*a**3 + 6*a**2*b**2 + 5*a**2 - 3*a*b**2 - 3*a + 3*b**4 + 7*b**2 + 3)/(70*b**3)
  A[12] = (a**4 - 2*a**3 + 2*a**2*b**2 + 5*a**2 - 2*a*b**2 - 4*a + b**4 + 7*b**2 + 5)/(140*b**3)
  A[22] = (3*a**4 - 9*a**3 + 6*a**2*b**2 + 14*a**2 - 9*a*b**2 - 10*a + 3*b**4 + 10*b**2 + 5)/(70*b**3)
  B[00] = 1/(70*b**3)
  B[01] = -(4*a**2 - 6*a + 4*b**2 + 27)/(840*b**3)
  B[02] = -(4*a**2 - 2*a + 4*b**2 + 25)/(840*b**3)
  B[11] = (4*a**2 - 3*a + 4*b**2 + 9)/(140*b**3)
  B[12] = (4*a**2 - 4*a + 4*b**2 + 15)/(280*b**3)
  B[22] = (4*a**2 - 5*a + 4*b**2 + 10)/(140*b**3)
  C[00] = 1/(630*b**2)
  C[01] = (a - 6)/(1260*b**2)
  C[02] = -(a + 5)/(1260*b**2)
  C[11] = (4*a**2 - 3*a + 4*b**2 + 9)/(630*b**2)
  C[12] = (4*a**2 - 4*a + 4*b**2 + 15)/(1260*b**2)
  C[22] = (4*a**2 - 5*a + 4*b**2 + 10)/(630*b**2)
  det C = (3*a**4 - 6*a**3 + 7*a**2*b**2 + 3*a**2 - 7*a*b**2 + 4*b**4 + 5*b**2)/(83349000*b**6)

== lambda_T(alpha, beta): rows = base angle alpha at z1, cols = base angle beta at z2 (degrees)
           10     20     30     40     45     50     60     70     80     90    100    110    120
   10  132.92  99.72  88.42  82.06  79.68  77.62  74.10  71.05  68.23  65.43  62.50  59.23  55.32
   20   99.72  63.48  51.49  45.10  42.77  40.77  37.35  34.37  31.58  28.78  25.82  22.52  18.66
   30   88.42  51.49  38.94  32.31  29.92  27.88  24.42  21.44  18.64  15.87  12.96   9.76   5.96
   40   82.06  45.10  32.31  25.53  23.09  21.01  17.52  14.51  11.70   8.92   5.96   2.52  -2.33
   45   79.68  42.77  29.92  23.09  20.64  18.55  15.03  12.00   9.17   6.34   3.26  -0.60  -7.10
   50   77.62  40.77  27.88  21.01  18.55  16.44  12.91   9.85   6.98   4.05   0.72  -3.95      -
   60   74.10  37.35  24.42  17.52  15.03  12.91   9.31   6.17   3.12  -0.25  -4.87      -      -
   70   71.05  34.37  21.44  14.51  12.00   9.85   6.17   2.83  -0.68  -5.35      -      -      -
   80   68.23  31.58  18.64  11.70   9.17   6.98   3.12  -0.68  -5.50      -      -      -      -
   90   65.43  28.78  15.87   8.92   6.34   4.05  -0.25  -5.35      -      -      -      -      -
  100   62.50  25.82  12.96   5.96   3.26   0.72  -4.87      -      -      -      -      -      -
  110   59.23  22.52   9.76   2.52  -0.60  -3.95      -      -      -      -      -      -      -
  120   55.32  18.66   5.96  -2.33  -7.10      -      -      -      -      -      -      -      -

float scan: min lambda_T over {apex >= 60, base angles >= 5} = 9.313813 at (alpha,beta) = (np.float64(60.0), np.float64(60.0))
equilateral: lambda_T = 9.31381305
right triangles beta=90 (production meshes (paper Section 13) have alpha in ~[43.7, 58.2] deg):
   alpha= 30.0  lambda_T= 15.8701
   alpha= 35.0  lambda_T= 11.9865
   alpha= 40.0  lambda_T=  8.9160
   alpha= 43.7  lambda_T=  6.9750
   alpha= 45.0  lambda_T=  6.3401
   alpha= 50.0  lambda_T=  4.0535
   alpha= 55.0  lambda_T=  1.9033
   alpha= 58.2  lambda_T=  0.5349
   alpha= 60.0  lambda_T= -0.2500
independent quadrature/finite-difference check of the exact forms at (a,b)=(0.3,0.7): rel. diff 4.5e-09
