N  hG  ZgradG  ZenG  ZgradT  ZenT  ZgradD  ZenD  ZenP  Y  Y1  CNS_H1  CNS_slip  GS_H1
 16 0.4595 4.1407e+00 6.2511e-01 1.1798e-01 4.8837e-02 4.7545e-01 1.1618e-01 6.0742e-01 3.7063e-01 2.6849e-02 1.9802e-01 7.6541e-02 1.7168e-01
 24 0.3204 2.6544e+00 3.3875e-01 6.2125e-02 2.7298e-02 2.6575e-01 6.3843e-02 3.2959e-01 2.3129e-01 1.7928e-02 1.0277e-01 3.4867e-02 8.8748e-02
 32 0.2444 1.9474e+00 2.1894e-01 3.9442e-02 1.7926e-02 1.7405e-01 4.1589e-02 2.1319e-01 1.5872e-01 1.2705e-02 6.4135e-02 1.9794e-02 5.5483e-02
 48 0.1650 1.2682e+00 1.1840e-01 2.0897e-02 9.8509e-03 9.5202e-02 2.2681e-02 1.1539e-01 9.0053e-02 7.4712e-03 3.3107e-02 8.8621e-03 2.8759e-02
 64 0.1243 9.3965e-01 7.6603e-02 1.3368e-02 6.4259e-03 6.1887e-02 1.4740e-02 7.4689e-02 5.9350e-02 5.0265e-03 2.0824e-02 4.9994e-03 1.8148e-02
rates in h_Gamma:
  ZgradG     1.233  1.144  1.091  1.059
  ZenG       1.699  1.612  1.564  1.537
  ZgradT     1.778  1.678  1.616  1.578
  ZenT       1.613  1.553  1.523  1.509
  ZgradD     1.613  1.563  1.535  1.521
  ZenD       1.660  1.583  1.543  1.522
  ZenP       1.695  1.609  1.562  1.536
  Y          1.307  1.391  1.442  1.472
  Y1         1.120  1.272  1.351  1.399
  CNS_H1     1.818  1.741  1.683  1.637
  CNS_slip   2.180  2.091  2.045  2.021
  GS_H1      1.829  1.735  1.672  1.626
Y1 / CNS_H1: 0.1356 0.1744 0.1981 0.2257 0.2414
