study A N=16 alpha=0 c=100 done
study A N=16 alpha=0.5 c=100 done
study A N=16 alpha=0.5 c=1000 done
study A N=16 alpha=1 c=100 done
study P1 N=16 alpha=0 c=100 done
study P1 N=16 alpha=0.5 c=100 done
study P1 N=16 alpha=0.5 c=1000 done
study P1 N=16 alpha=1 c=100 done
study B1 N=16 alpha=0 c=100 done
study B1 N=16 alpha=0.5 c=100 done
study B1 N=16 alpha=0.5 c=1000 done
study B1 N=16 alpha=1 c=100 done
study B100 N=16 alpha=0 c=100 done
study B100 N=16 alpha=0.5 c=100 done
study B100 N=16 alpha=0.5 c=1000 done
study B100 N=16 alpha=1 c=100 done
study A N=24 alpha=0 c=100 done
study A N=24 alpha=0.5 c=100 done
study A N=24 alpha=0.5 c=1000 done
study A N=24 alpha=1 c=100 done
study P1 N=24 alpha=0 c=100 done
study P1 N=24 alpha=0.5 c=100 done
study P1 N=24 alpha=0.5 c=1000 done
study P1 N=24 alpha=1 c=100 done
study B1 N=24 alpha=0 c=100 done
study B1 N=24 alpha=0.5 c=100 done
study B1 N=24 alpha=0.5 c=1000 done
study B1 N=24 alpha=1 c=100 done
study B100 N=24 alpha=0 c=100 done
study B100 N=24 alpha=0.5 c=100 done
study B100 N=24 alpha=0.5 c=1000 done
study B100 N=24 alpha=1 c=100 done
study A N=32 alpha=0 c=100 done
study A N=32 alpha=0.5 c=100 done
study A N=32 alpha=0.5 c=1000 done
study A N=32 alpha=1 c=100 done
study P1 N=32 alpha=0 c=100 done
study P1 N=32 alpha=0.5 c=100 done
study P1 N=32 alpha=0.5 c=1000 done
study P1 N=32 alpha=1 c=100 done
study B1 N=32 alpha=0 c=100 done
study B1 N=32 alpha=0.5 c=100 done
study B1 N=32 alpha=0.5 c=1000 done
study B1 N=32 alpha=1 c=100 done
study B100 N=32 alpha=0 c=100 done
study B100 N=32 alpha=0.5 c=100 done
study B100 N=32 alpha=0.5 c=1000 done
study B100 N=32 alpha=1 c=100 done
study A N=48 alpha=0 c=100 done
study A N=48 alpha=0.5 c=100 done
study A N=48 alpha=0.5 c=1000 done
study A N=48 alpha=1 c=100 done
study P1 N=48 alpha=0 c=100 done
study P1 N=48 alpha=0.5 c=100 done
study P1 N=48 alpha=0.5 c=1000 done
study P1 N=48 alpha=1 c=100 done
study B1 N=48 alpha=0 c=100 done
study B1 N=48 alpha=0.5 c=100 done
study B1 N=48 alpha=0.5 c=1000 done
study B1 N=48 alpha=1 c=100 done
study B100 N=48 alpha=0 c=100 done
study B100 N=48 alpha=0.5 c=100 done
study B100 N=48 alpha=0.5 c=1000 done
study B100 N=48 alpha=1 c=100 done
study A N=64 alpha=0 c=100 done
study A N=64 alpha=0.5 c=100 done
study A N=64 alpha=0.5 c=1000 done
study A N=64 alpha=1 c=100 done
study P1 N=64 alpha=0 c=100 done
study P1 N=64 alpha=0.5 c=100 done
study P1 N=64 alpha=0.5 c=1000 done
study P1 N=64 alpha=1 c=100 done
study B1 N=64 alpha=0 c=100 done
study B1 N=64 alpha=0.5 c=100 done
study B1 N=64 alpha=0.5 c=1000 done
study B1 N=64 alpha=1 c=100 done
study B100 N=64 alpha=0 c=100 done
study B100 N=64 alpha=0.5 c=100 done
study B100 N=64 alpha=0.5 c=1000 done
study B100 N=64 alpha=1 c=100 done
study A N=96 alpha=0 c=100 done
study A N=96 alpha=0.5 c=100 done
study A N=96 alpha=0.5 c=1000 done
study A N=96 alpha=1 c=100 done
study P1 N=96 alpha=0 c=100 done
study P1 N=96 alpha=0.5 c=100 done
study P1 N=96 alpha=0.5 c=1000 done
study P1 N=96 alpha=1 c=100 done
study B1 N=96 alpha=0 c=100 done
study B1 N=96 alpha=0.5 c=100 done
study B1 N=96 alpha=0.5 c=1000 done
study B1 N=96 alpha=1 c=100 done
study B100 N=96 alpha=0 c=100 done
study B100 N=96 alpha=0.5 c=100 done
study B100 N=96 alpha=0.5 c=1000 done
study B100 N=96 alpha=1 c=100 done
