03:08:10 detected 31 usable CPUs, 116.4 GB available; memory budget 93.1 GB; 92 jobs to run (A=4.0, P=2.4)
03:08:10 start study N=256 A mu=100  (reserve 42.1 GB; running 1, queued 91)
03:08:10 start study N=256 B1 mu=100  (reserve 42.1 GB; running 2, queued 90)
03:08:10 start thresh N=32 L=40 m=208  (reserve 8.6 GB; running 3, queued 89)
03:10:18 done  thresh N=32 L=40 m=208  (128s)
03:10:18 start study N=128 A mu=100  (reserve 8.0 GB; running 3, queued 88)
03:12:36 done  study N=128 A mu=100  (138s)
03:12:36 start study N=128 A mu=1000  (reserve 8.0 GB; running 3, queued 87)
03:14:54 done  study N=128 A mu=1000  (138s)
03:14:54 start study N=128 A mu=10000  (reserve 8.0 GB; running 3, queued 86)
03:15:15 detected 31 usable CPUs, 177.8 GB available; memory budget 151.1 GB; 86 jobs to run (A=3.2, P=2.2)
03:15:15 adopt running study N=256 A mu=100 (pid 1488, reserve 27.7 GB)
03:15:15 adopt running study N=256 B1 mu=100 (pid 1489, reserve 27.7 GB)
03:15:15 adopt running study N=128 A mu=10000 (pid 1639, reserve 6.0 GB)
03:15:15 start study N=192 A mu=100  (reserve 14.7 GB; running 4, queued 85)
03:15:15 start study N=192 A mu=1000  (reserve 14.7 GB; running 5, queued 84)
03:15:15 start study N=192 A mu=10000  (reserve 14.7 GB; running 6, queued 83)
03:15:15 start study N=192 B1 mu=100  (reserve 14.7 GB; running 7, queued 82)
03:15:15 start study N=192 B1 mu=1000  (reserve 14.7 GB; running 8, queued 81)
03:15:15 start study N=192 B1 mu=10000  (reserve 14.7 GB; running 9, queued 80)
03:15:15 start thresh N=16 L=40 m=104  (reserve 1.3 GB; running 10, queued 79)
03:15:30 done  thresh N=16 L=40 m=104  (15s)
03:15:30 start study N=64 A mu=100  (reserve 1.3 GB; running 10, queued 78)
03:15:51 done  study N=64 A mu=100  (21s)
03:15:51 start study N=64 A mu=1000  (reserve 1.3 GB; running 10, queued 77)
03:16:12 done  study N=64 A mu=1000  (21s)
03:16:12 start study N=64 A mu=10000  (reserve 1.3 GB; running 10, queued 76)
03:16:30 done  study N=64 A mu=10000  (18s)
03:16:31 start study N=64 B1 mu=100  (reserve 1.3 GB; running 10, queued 75)
03:16:49 done  study N=64 B1 mu=100  (18s)
03:16:49 start study N=64 B1 mu=1000  (reserve 1.3 GB; running 10, queued 74)
03:17:10 done  study N=64 B1 mu=1000  (21s)
03:17:10 start study N=64 B1 mu=10000  (reserve 1.3 GB; running 10, queued 73)
03:17:19 done  study N=128 A mu=10000  (123s)
03:17:19 start study N=128 B1 mu=100  (reserve 6.0 GB; running 10, queued 72)
03:17:31 done  study N=64 B1 mu=10000  (21s)
03:17:31 start study N=64 B100 mu=100  (reserve 1.3 GB; running 10, queued 71)
03:17:43 FAIL rc=0 study N=256 A mu=100 -> retry with 55 GB reserved (see results/err)
03:17:43 start study N=192 B100 mu=100  (reserve 14.7 GB; running 10, queued 71)
03:17:43 start study N=128 B1 mu=1000  (reserve 6.0 GB; running 11, queued 70)
03:17:43 start study N=128 B1 mu=10000  (reserve 6.0 GB; running 12, queued 69)
03:17:43 start study N=16 A mu=100  (reserve 1.0 GB; running 13, queued 68)
03:17:46 done  study N=16 A mu=100  (3s)
03:17:46 start study N=16 A mu=1000  (reserve 1.0 GB; running 13, queued 67)
03:17:49 done  study N=16 A mu=1000  (3s)
03:17:49 start study N=16 A mu=10000  (reserve 1.0 GB; running 13, queued 66)
03:17:52 done  study N=64 B100 mu=100  (21s)
03:17:52 done  study N=16 A mu=10000  (3s)
03:17:52 start study N=64 B100 mu=1000  (reserve 1.3 GB; running 12, queued 65)
03:17:52 start study N=16 B1 mu=100  (reserve 1.0 GB; running 13, queued 64)
03:17:55 done  study N=16 B1 mu=100  (3s)
03:17:55 start study N=16 B1 mu=1000  (reserve 1.0 GB; running 13, queued 63)
03:17:58 done  study N=16 B1 mu=1000  (3s)
03:17:58 start study N=16 B1 mu=10000  (reserve 1.0 GB; running 13, queued 62)
03:18:01 FAIL rc=0 study N=256 B1 mu=100 -> retry with 55 GB reserved (see results/err)
03:18:01 done  study N=16 B1 mu=10000  (3s)
03:18:01 start study N=192 B100 mu=1000  (reserve 14.7 GB; running 12, queued 62)
03:18:01 start study N=128 B100 mu=100  (reserve 6.0 GB; running 13, queued 61)
03:18:01 start study N=128 B100 mu=1000  (reserve 6.0 GB; running 14, queued 60)
03:18:01 start study N=64 B100 mu=10000  (reserve 1.3 GB; running 15, queued 59)
03:18:13 done  study N=64 B100 mu=1000  (21s)
03:18:13 start thresh N=32 L=10 m=48  (reserve 1.2 GB; running 15, queued 58)
03:18:22 done  study N=64 B100 mu=10000  (21s)
03:18:22 start study N=16 B100 mu=100  (reserve 1.0 GB; running 15, queued 57)
03:18:22 start study N=16 B100 mu=1000  (reserve 1.0 GB; running 16, queued 56)
03:18:25 done  study N=16 B100 mu=100  (3s)
03:18:25 done  study N=16 B100 mu=1000  (3s)
03:18:25 start study N=16 B100 mu=10000  (reserve 1.0 GB; running 15, queued 55)
03:18:25 start study N=24 A mu=100  (reserve 1.0 GB; running 16, queued 54)
03:18:28 done  study N=16 B100 mu=10000  (3s)
03:18:28 done  study N=24 A mu=100  (3s)
03:18:28 start study N=24 A mu=1000  (reserve 1.0 GB; running 15, queued 53)
03:18:28 start study N=24 A mu=10000  (reserve 1.0 GB; running 16, queued 52)
03:18:31 done  study N=24 A mu=1000  (3s)
03:18:31 done  study N=24 A mu=10000  (3s)
03:18:31 start study N=24 B1 mu=100  (reserve 1.0 GB; running 15, queued 51)
03:18:31 start study N=24 B1 mu=1000  (reserve 1.0 GB; running 16, queued 50)
03:18:34 done  study N=24 B1 mu=100  (3s)
03:18:34 done  study N=24 B1 mu=1000  (3s)
03:18:34 start study N=24 B1 mu=10000  (reserve 1.0 GB; running 15, queued 49)
03:18:34 start study N=24 B100 mu=100  (reserve 1.0 GB; running 16, queued 48)
03:18:37 done  thresh N=32 L=10 m=48  (24s)
03:18:37 done  study N=24 B1 mu=10000  (3s)
03:18:37 done  study N=24 B100 mu=100  (3s)
03:18:37 start study N=96 A mu=100  (reserve 3.2 GB; running 14, queued 47)
03:19:22 FAIL rc=-9 study N=192 B1 mu=1000 -> retry with 29 GB reserved (see results/err)
03:19:22 start study N=192 B100 mu=10000  (reserve 14.7 GB; running 14, queued 47)
03:19:37 done  study N=96 A mu=100  (60s)
03:19:37 start study N=96 A mu=1000  (reserve 3.2 GB; running 14, queued 46)
03:19:40 done  study N=128 B1 mu=100  (141s)
03:19:40 start study N=128 B100 mu=10000  (reserve 6.0 GB; running 14, queued 45)
03:20:04 done  study N=128 B1 mu=1000  (141s)
03:20:04 done  study N=128 B1 mu=10000  (141s)
03:20:04 start study N=96 A mu=10000  (reserve 3.2 GB; running 13, queued 44)
03:20:04 start study N=96 B1 mu=100  (reserve 3.2 GB; running 14, queued 43)
03:20:04 start study N=96 B1 mu=1000  (reserve 3.2 GB; running 15, queued 42)
03:20:04 start study N=24 B100 mu=1000  (reserve 1.0 GB; running 16, queued 41)
03:20:04 start study N=24 B100 mu=10000  (reserve 1.0 GB; running 17, queued 40)
03:20:07 done  study N=24 B100 mu=1000  (3s)
03:20:07 done  study N=24 B100 mu=10000  (3s)
03:20:07 start study N=32 A mu=100  (reserve 1.0 GB; running 16, queued 39)
03:20:07 start study N=32 A mu=1000  (reserve 1.0 GB; running 17, queued 38)
03:20:10 done  study N=32 A mu=100  (3s)
03:20:10 done  study N=32 A mu=1000  (3s)
03:20:10 start study N=32 A mu=10000  (reserve 1.0 GB; running 16, queued 37)
03:20:10 start study N=32 B1 mu=100  (reserve 1.0 GB; running 17, queued 36)
03:20:13 done  study N=32 A mu=10000  (3s)
03:20:13 done  study N=32 B1 mu=100  (3s)
03:20:13 start study N=32 B1 mu=1000  (reserve 1.0 GB; running 16, queued 35)
03:20:13 start study N=32 B1 mu=10000  (reserve 1.0 GB; running 17, queued 34)
03:20:16 done  study N=32 B1 mu=1000  (3s)
03:20:16 done  study N=32 B1 mu=10000  (3s)
03:20:16 start study N=32 B100 mu=100  (reserve 1.0 GB; running 16, queued 33)
03:20:16 start study N=32 B100 mu=1000  (reserve 1.0 GB; running 17, queued 32)
03:20:19 done  study N=128 B100 mu=100  (138s)
03:20:19 done  study N=32 B100 mu=100  (3s)
03:20:19 done  study N=32 B100 mu=1000  (3s)
03:20:19 start study N=96 B1 mu=10000  (reserve 3.2 GB; running 15, queued 31)
03:20:19 start study N=96 B100 mu=100  (reserve 3.2 GB; running 16, queued 30)
03:20:19 start study N=32 B100 mu=10000  (reserve 1.0 GB; running 17, queued 29)
03:20:19 start study N=48 A mu=100  (reserve 1.0 GB; running 18, queued 28)
03:20:22 done  study N=32 B100 mu=10000  (3s)
03:20:22 start study N=48 A mu=1000  (reserve 1.0 GB; running 18, queued 27)
03:20:28 done  study N=128 B100 mu=1000  (147s)
03:20:28 done  study N=48 A mu=100  (9s)
03:20:28 start study N=96 B100 mu=1000  (reserve 3.2 GB; running 17, queued 26)
03:20:28 start study N=96 B100 mu=10000  (reserve 3.2 GB; running 18, queued 25)
03:20:31 done  study N=48 A mu=1000  (9s)
03:20:31 start study N=48 A mu=10000  (reserve 1.0 GB; running 18, queued 24)
03:20:40 done  study N=96 A mu=1000  (63s)
03:20:40 done  study N=48 A mu=10000  (9s)
03:20:40 start thresh N=32 L=20 m=101  (reserve 2.8 GB; running 17, queued 23)
03:20:40 start study N=48 B1 mu=100  (reserve 1.0 GB; running 18, queued 22)
03:20:40 start study N=48 B1 mu=1000  (reserve 1.0 GB; running 19, queued 21)
03:20:49 done  study N=48 B1 mu=100  (9s)
03:20:49 done  study N=48 B1 mu=1000  (9s)
03:20:49 start study N=48 B1 mu=10000  (reserve 1.0 GB; running 18, queued 20)
03:20:49 start study N=48 B100 mu=100  (reserve 1.0 GB; running 19, queued 19)
03:20:58 done  study N=48 B1 mu=10000  (9s)
03:20:58 done  study N=48 B100 mu=100  (9s)
03:20:58 start study N=48 B100 mu=1000  (reserve 1.0 GB; running 18, queued 18)
03:20:58 start study N=48 B100 mu=10000  (reserve 1.0 GB; running 19, queued 17)
03:21:07 done  study N=96 A mu=10000  (63s)
03:21:07 done  study N=96 B1 mu=100  (63s)
03:21:07 done  study N=96 B1 mu=1000  (63s)
03:21:07 done  study N=48 B100 mu=1000  (9s)
03:21:07 done  study N=48 B100 mu=10000  (9s)
03:21:07 start thresh N=8 L=2.5 m=2  (reserve 1.0 GB; running 15, queued 16)
03:21:07 start thresh N=12 L=2.5 m=3  (reserve 1.0 GB; running 16, queued 15)
03:21:07 start thresh N=16 L=2.5 m=4  (reserve 1.0 GB; running 17, queued 14)
03:21:07 start thresh N=20 L=2.5 m=5  (reserve 1.0 GB; running 18, queued 13)
03:21:07 start thresh N=24 L=2.5 m=6  (reserve 1.0 GB; running 19, queued 12)
03:21:07 start thresh N=32 L=2.5 m=8  (reserve 1.0 GB; running 20, queued 11)
03:21:07 start thresh N=48 L=2.5 m=12  (reserve 1.0 GB; running 21, queued 10)
03:21:07 start thresh N=64 L=2.5 m=16  (reserve 1.0 GB; running 22, queued 9)
03:21:07 start thresh N=16 L=2.5 m=4  (reserve 1.0 GB; running 23, queued 8)
03:21:07 start thresh N=16 L=5 m=11  (reserve 1.0 GB; running 24, queued 7)
03:21:07 start thresh N=16 L=10 m=24  (reserve 1.0 GB; running 25, queued 6)
03:21:10 done  thresh N=8 L=2.5 m=2  (3s)
03:21:10 done  thresh N=12 L=2.5 m=3  (3s)
03:21:10 done  thresh N=16 L=2.5 m=4  (3s)
03:21:10 done  thresh N=20 L=2.5 m=5  (3s)
03:21:10 done  thresh N=24 L=2.5 m=6  (3s)
03:21:10 done  thresh N=32 L=2.5 m=8  (3s)
03:21:10 done  thresh N=16 L=2.5 m=4  (3s)
03:21:10 done  thresh N=16 L=5 m=11  (3s)
03:21:10 start thresh N=16 L=20 m=51  (reserve 1.0 GB; running 18, queued 5)
03:21:10 start thresh N=32 L=2.5 m=8  (reserve 1.0 GB; running 19, queued 4)
03:21:10 start thresh N=32 L=5 m=21  (reserve 1.0 GB; running 20, queued 3)
03:21:13 done  thresh N=48 L=2.5 m=12  (6s)
03:21:13 done  thresh N=16 L=10 m=24  (6s)
03:21:13 done  thresh N=32 L=2.5 m=8  (3s)
03:21:16 done  thresh N=64 L=2.5 m=16  (9s)
03:21:19 done  study N=96 B1 mu=10000  (60s)
03:21:19 done  thresh N=16 L=20 m=51  (9s)
03:21:19 done  thresh N=32 L=5 m=21  (9s)
03:21:22 done  study N=96 B100 mu=100  (63s)
03:21:25 done  study N=96 B100 mu=1000  (57s)
03:21:25 done  study N=96 B100 mu=10000  (57s)
03:21:37 done  thresh N=32 L=20 m=101  (57s)
03:21:58 done  study N=128 B100 mu=10000  (138s)
03:21:58 start study N=192 B1 mu=1000  (reserve 29.4 GB; running 9, queued 2)
03:24:31 done  study N=192 A mu=1000  (555s)
03:24:31 done  study N=192 A mu=10000  (555s)
03:24:34 done  study N=192 B1 mu=10000  (558s)
03:24:43 done  study N=192 A mu=100  (567s)
03:24:43 done  study N=192 B1 mu=100  (567s)
03:24:43 start study N=256 A mu=100  (reserve 55.4 GB; running 5, queued 1)
03:26:55 done  study N=192 B100 mu=100  (552s)
03:27:22 done  study N=192 B100 mu=1000  (561s)
03:28:37 done  study N=192 B100 mu=10000  (555s)
03:28:37 start study N=256 B1 mu=100  (reserve 55.4 GB; running 3, queued 0)
03:31:01 done  study N=192 B1 mu=1000  (543s)
03:47:37 done  study N=256 A mu=100  (1374s)
03:51:37 done  study N=256 B1 mu=100  (1380s)
03:51:40 all jobs finished in 36.4 min; failures: none
