Check: m=2 lock (gam = pi/2): dinf, W, dw = 1.0 2.0 0.9998999983331222

Family I
 phi      eps       Theta_paper  dinf     W       dinf/W   pred_inf     dw      pred_w    dw/pred
 0.0800  5.000e-01  8.453e-01   6.257e-02  2.957e-01   0.212  1.600e-01  7.574e-02  1.131e-01   0.669
 0.0800  2.000e-01  8.453e-01   2.276e-01  7.621e-01   0.299  4.000e-01  1.260e-01  1.789e-01   0.704
 0.0800  5.000e-02  8.453e-01   1.000e+00  2.000e+00   0.500  1.000e+00  2.614e-01  3.578e-01   0.731
 0.0800  3.200e-01  8.453e-01   1.193e-01  4.635e-01   0.257  2.500e-01  9.614e-02  1.414e-01   0.680
 0.0800  8.000e-02  8.453e-01   1.000e+00  2.000e+00   0.500  1.000e+00  2.068e-01  2.828e-01   0.731
 0.0800  2.000e-02  8.453e-01   1.000e+00  2.000e+00   0.500  1.000e+00  3.957e-01  5.657e-01   0.700
 0.0800  2.560e-02  8.453e-01   1.000e+00  2.000e+00   0.500  1.000e+00  3.561e-01  5.000e-01   0.712
 0.0800  6.400e-03  8.453e-01   1.000e+00  2.000e+00   0.500  1.000e+00  5.970e-01  1.000e+00   0.597
 0.0800  1.600e-03  8.453e-01   1.000e+00  2.000e+00   0.500  1.000e+00  7.991e-01  1.000e+00   0.799
 0.0200  5.000e-01  8.610e-01   1.432e-02  7.270e-02   0.197  4.000e-02  1.840e-02  2.828e-02   0.650
 0.0200  2.000e-01  8.610e-01   4.679e-02  1.856e-01   0.252  1.000e-01  2.990e-02  4.472e-02   0.668
 0.0200  5.000e-02  8.610e-01   2.445e-01  7.873e-01   0.311  4.000e-01  6.318e-02  8.944e-02   0.706
 0.0200  8.000e-02  8.610e-01   1.372e-01  4.850e-01   0.283  2.500e-01  4.936e-02  7.071e-02   0.698
 0.0200  2.000e-02  8.610e-01   1.000e+00  2.000e+00   0.500  1.000e+00  1.009e-01  1.414e-01   0.713
 0.0200  5.000e-03  8.610e-01   1.000e+00  2.000e+00   0.500  1.000e+00  1.995e-01  2.828e-01   0.705
 0.0200  1.600e-03  8.610e-01   1.000e+00  2.000e+00   0.500  1.000e+00  3.371e-01  5.000e-01   0.674
 0.0200  4.000e-04  8.610e-01   1.000e+00  2.000e+00   0.500  1.000e+00  5.713e-01  1.000e+00   0.571
 0.0200  1.000e-04  8.610e-01   1.000e+00  2.000e+00   0.500  1.000e+00  7.828e-01  1.000e+00   0.783
 0.0050  5.000e-01  8.648e-01   3.545e-03  1.810e-02   0.196  1.000e-02  4.568e-03  7.071e-03   0.646
 0.0050  2.000e-01  8.648e-01   1.120e-02  4.608e-02   0.243  2.500e-02  7.372e-03  1.118e-02   0.659
 0.0050  5.000e-02  8.648e-01   5.119e-02  1.952e-01   0.262  1.000e-01  1.556e-02  2.236e-02   0.696
 0.0050  2.000e-02  8.648e-01   1.414e-01  4.958e-01   0.285  2.500e-01  2.492e-02  3.536e-02   0.705
 0.0050  5.000e-03  8.648e-01   1.000e+00  2.000e+00   0.500  1.000e+00  5.011e-02  7.071e-02   0.709
 0.0050  1.250e-03  8.648e-01   1.000e+00  2.000e+00   0.500  1.000e+00  9.995e-02  1.414e-01   0.707
 0.0050  1.000e-04  8.648e-01   1.000e+00  2.000e+00   0.500  1.000e+00  3.322e-01  5.000e-01   0.664
 0.0050  2.500e-05  8.648e-01   1.000e+00  2.000e+00   0.500  1.000e+00  5.651e-01  1.000e+00   0.565
 0.0050  6.250e-06  8.648e-01   1.000e+00  2.000e+00   0.500  1.000e+00  7.787e-01  1.000e+00   0.779

Family II
 phi      eps       Theta_paper  dinf     W       dinf/W   pred_inf     dw      pred_w    dw/pred
 0.0800  5.000e-01  9.728e-01   1.092e-01  4.269e-01   0.256  1.600e-01  1.039e-01  1.131e-01   0.918
 0.0800  2.000e-01  9.273e-01   2.390e-01  8.623e-01   0.277  4.000e-01  1.408e-01  1.789e-01   0.787
 0.0800  5.000e-02  8.967e-01   5.573e-01  2.000e+00   0.279  1.000e+00  2.500e-01  3.578e-01   0.699
 0.0800  3.200e-01  9.481e-01   1.632e-01  5.841e-01   0.279  2.500e-01  1.190e-01  1.414e-01   0.842
 0.0800  8.000e-02  9.032e-01   4.403e-01  2.000e+00   0.220  1.000e+00  2.042e-01  2.828e-01   0.722
 0.0800  2.000e-02  8.899e-01   7.588e-01  2.000e+00   0.379  1.000e+00  3.689e-01  5.657e-01   0.652
 0.0800  2.560e-02  8.912e-01   7.108e-01  2.000e+00   0.355  1.000e+00  3.330e-01  5.000e-01   0.666
 0.0800  6.400e-03  8.868e-01   9.076e-01  2.000e+00   0.454  1.000e+00  5.611e-01  1.000e+00   0.561
 0.0800  1.600e-03  8.857e-01   9.752e-01  2.000e+00   0.488  1.000e+00  7.751e-01  1.000e+00   0.775
 0.0200  5.000e-01  9.655e-01   2.837e-02  1.109e-01   0.256  4.000e-02  2.612e-02  2.828e-02   0.923
 0.0200  2.000e-01  9.157e-01   7.018e-02  2.235e-01   0.314  1.000e-01  3.569e-02  4.472e-02   0.798
 0.0200  5.000e-02  8.830e-01   2.328e-01  8.143e-01   0.286  4.000e-01  6.511e-02  8.944e-02   0.728
 0.0200  8.000e-02  8.899e-01   1.594e-01  5.181e-01   0.308  2.500e-01  5.253e-02  7.071e-02   0.743
 0.0200  2.000e-02  8.759e-01   4.314e-01  2.000e+00   0.216  1.000e+00  1.005e-01  1.414e-01   0.711
 0.0200  5.000e-03  8.722e-01   7.522e-01  2.000e+00   0.376  1.000e+00  1.957e-01  2.828e-01   0.692
 0.0200  1.600e-03  8.714e-01   9.046e-01  2.000e+00   0.452  1.000e+00  3.300e-01  5.000e-01   0.660
 0.0200  4.000e-04  8.711e-01   9.743e-01  2.000e+00   0.487  1.000e+00  5.621e-01  1.000e+00   0.562
 0.0200  1.000e-04  8.710e-01   9.935e-01  2.000e+00   0.497  1.000e+00  7.767e-01  1.000e+00   0.777
 0.0050  5.000e-01  9.635e-01   7.161e-03  2.798e-02   0.256  1.000e-02  6.534e-03  7.071e-03   0.924
 0.0050  2.000e-01  9.126e-01   1.834e-02  5.636e-02   0.325  2.500e-02  8.939e-03  1.118e-02   0.800
 0.0050  5.000e-02  8.794e-01   6.993e-02  2.054e-01   0.341  1.000e-01  1.634e-02  2.236e-02   0.731
 0.0050  2.000e-02  8.722e-01   1.583e-01  5.044e-01   0.314  2.500e-01  2.532e-02  3.536e-02   0.716
 0.0050  5.000e-03  8.685e-01   4.293e-01  2.000e+00   0.215  1.000e+00  5.007e-02  7.071e-02   0.708
 0.0050  1.250e-03  8.676e-01   7.505e-01  2.000e+00   0.375  1.000e+00  9.944e-02  1.414e-01   0.703
 0.0050  1.000e-04  8.673e-01   9.741e-01  2.000e+00   0.487  1.000e+00  3.303e-01  5.000e-01   0.661
 0.0050  2.500e-05  8.673e-01   9.934e-01  2.000e+00   0.497  1.000e+00  5.628e-01  1.000e+00   0.563
 0.0050  6.250e-06  8.673e-01   9.983e-01  2.000e+00   0.499  1.000e+00  7.772e-01  1.000e+00   0.777

Family III
 phi      eps       Theta_paper  dinf     W       dinf/W   pred_inf     dw      pred_w    dw/pred
 0.0800  5.000e-01  4.794e-01   5.357e-02  1.812e-01   0.296  1.379e-01  5.429e-02  1.050e-01   0.517
 0.0800  2.000e-01  1.987e-01   7.559e-02  3.461e-01   0.218  2.857e-01  6.067e-02  1.512e-01   0.401
 0.0800  5.000e-02  4.998e-02   1.815e-01  8.928e-01   0.203  6.154e-01  8.660e-02  2.219e-01   0.390
 0.0800  3.200e-01  3.146e-01   5.357e-02  2.424e-01   0.221  2.000e-01  5.514e-02  1.265e-01   0.436
 0.0800  8.000e-02  7.991e-02   1.423e-01  6.724e-01   0.212  5.000e-01  7.755e-02  2.000e-01   0.388
 0.0800  2.000e-02  2.000e-02   2.499e-01  1.335e+00   0.187  8.000e-01  1.008e-01  2.530e-01   0.398
 0.0800  2.560e-02  2.560e-02   2.335e-01  1.222e+00   0.191  7.576e-01  9.752e-02  2.462e-01   0.396
 0.0800  6.400e-03  6.400e-03   3.012e-01  1.725e+00   0.175  9.259e-01  1.103e-01  2.722e-01   0.405
 0.0800  1.600e-03  1.600e-03   3.247e-01  1.923e+00   0.169  9.804e-01  1.144e-01  2.801e-01   0.409
 0.0200  5.000e-01  4.794e-01   1.395e-02  4.694e-02   0.297  3.846e-02  1.354e-02  2.774e-02   0.488
 0.0200  2.000e-01  1.987e-01   2.292e-02  9.809e-02   0.234  9.091e-02  1.626e-02  4.264e-02   0.381
 0.0200  5.000e-02  4.998e-02   7.684e-02  3.341e-01   0.230  2.857e-01  2.790e-02  7.559e-02   0.369
 0.0200  8.000e-02  7.991e-02   5.250e-02  2.234e-01   0.235  2.000e-01  2.324e-02  6.325e-02   0.367
 0.0200  2.000e-02  2.000e-02   1.428e-01  6.670e-01   0.214  5.000e-01  3.786e-02  1.000e-01   0.379
 0.0200  5.000e-03  5.000e-03   2.500e-01  1.333e+00   0.187  8.000e-01  5.002e-02  1.265e-01   0.395
 0.0200  1.600e-03  1.600e-03   3.012e-01  1.724e+00   0.175  9.259e-01  5.490e-02  1.361e-01   0.403
 0.0200  4.000e-04  4.000e-04   3.247e-01  1.923e+00   0.169  9.804e-01  5.699e-02  1.400e-01   0.407
 0.0200  1.000e-04  1.000e-04   3.311e-01  1.980e+00   0.167  9.950e-01  5.756e-02  1.411e-01   0.408
 0.0050  5.000e-01  4.794e-01   3.523e-03  1.185e-02   0.297  9.901e-03  3.386e-03  7.036e-03   0.481
 0.0050  2.000e-01  1.987e-01   6.051e-03  2.538e-02   0.238  2.439e-02  4.151e-03  1.104e-02   0.376
 0.0050  5.000e-02  4.998e-02   2.323e-02  9.541e-02   0.244  9.091e-02  7.657e-03  2.132e-02   0.359
 0.0050  2.000e-02  2.000e-02   5.262e-02  2.223e-01   0.237  2.000e-01  1.148e-02  3.162e-02   0.363
 0.0050  5.000e-03  5.000e-03   1.429e-01  6.667e-01   0.214  5.000e-01  1.890e-02  5.000e-02   0.378
 0.0050  1.250e-03  1.250e-03   2.500e-01  1.333e+00   0.187  8.000e-01  2.500e-02  6.325e-02   0.395
 0.0050  1.000e-04  1.000e-04   3.247e-01  1.923e+00   0.169  9.804e-01  2.849e-02  7.001e-02   0.407
 0.0050  2.500e-05  2.500e-05   3.311e-01  1.980e+00   0.167  9.950e-01  2.877e-02  7.053e-02   0.408
 0.0050  6.250e-06  6.250e-06   3.328e-01  1.995e+00   0.167  9.988e-01  2.884e-02  7.067e-02   0.408
